/var/log/dmesg:[    0.000000] kernel: BIOS-e820: [mem 0x0000000009f00000-0x0000000009f09fff] ACPI NVS
/var/log/dmesg:[    0.000000] kernel: BIOS-e820: [mem 0x000000009eebf000-0x000000009f7befff] ACPI NVS
/var/log/dmesg:[    0.000000] kernel: BIOS-e820: [mem 0x000000009f7bf000-0x000000009f7fefff] ACPI data
/var/log/dmesg:[    0.000000] kernel: reserve setup_data: [mem 0x0000000009f00000-0x0000000009f09fff] ACPI NVS
/var/log/dmesg:[    0.000000] kernel: reserve setup_data: [mem 0x000000009eebf000-0x000000009f7befff] ACPI NVS
/var/log/dmesg:[    0.000000] kernel: reserve setup_data: [mem 0x000000009f7bf000-0x000000009f7fefff] ACPI data
/var/log/dmesg:[    0.000000] kernel: efi: ACPI=0x9f7fe000 ACPI 2.0=0x9f7fe014 SMBIOS=0x96bc4000 SMBIOS 3.0=0x96bc2000 ESRT=0x96bc5b98 TPMFinalLog=0x9ede1000 MEMATTR=0x8b5cb198 MOKvar=0x96bb9000 INITRD=0x83ebe598 RNG=0x9f7c6018 TPMEventLog=0x802ca018 
/var/log/dmesg:[    0.006857] kernel: ACPI: Early table checksum verification disabled
/var/log/dmesg:[    0.006862] kernel: ACPI: RSDP 0x000000009F7FE014 000024 (v02 LENOVO)
/var/log/dmesg:[    0.006866] kernel: ACPI: XSDT 0x000000009F7CE188 0000EC (v01 LENOVO CB-01    00000001      01000013)
/var/log/dmesg:[    0.006873] kernel: ACPI: FACP 0x000000009F7F3000 00010C (v05 LENOVO CB-01    00000001 ACPI 00040000)
/var/log/dmesg:[    0.006879] kernel: ACPI: DSDT 0x000000009F7E9000 0060FE (v01 LENOVO CB-01    00000001 ACPI 00040000)
/var/log/dmesg:[    0.006882] kernel: ACPI: FACS 0x000000009F39B000 000040
/var/log/dmesg:[    0.006885] kernel: ACPI: UEFI 0x000000009F7FD000 000236 (v01 LENOVO CB-01    00000001 ACPI 00040000)
/var/log/dmesg:[    0.006888] kernel: ACPI: SSDT 0x000000009F7F7000 00533D (v02 LENOVO CB-01    00000001 ACPI 00040000)
/var/log/dmesg:[    0.006891] kernel: ACPI: MSDM 0x000000009F7F6000 000055 (v03 LENOVO CB-01    00000001 ACPI 00040000)
/var/log/dmesg:[    0.006895] kernel: ACPI: ASF! 0x000000009F7F5000 0000A5 (v32 LENOVO CB-01    00000001 ACPI 00040000)
/var/log/dmesg:[    0.006898] kernel: ACPI: BOOT 0x000000009F7F4000 000028 (v01 LENOVO CB-01    00000001 ACPI 00040000)
/var/log/dmesg:[    0.006901] kernel: ACPI: HPET 0x000000009F7F2000 000038 (v01 LENOVO CB-01    00000001 ACPI 00040000)
/var/log/dmesg:[    0.006904] kernel: ACPI: APIC 0x000000009F7F1000 000138 (v03 LENOVO CB-01    00000001 ACPI 00040000)
/var/log/dmesg:[    0.006907] kernel: ACPI: MCFG 0x000000009F7F0000 00003C (v01 LENOVO CB-01    00000001 ACPI 00040000)
/var/log/dmesg:[    0.006910] kernel: ACPI: SSDT 0x000000009F7E7000 00119C (v01 LENOVO CB-01    00000001 ACPI 00040000)
/var/log/dmesg:[    0.006913] kernel: ACPI: CRAT 0x000000009F7E6000 000838 (v01 LENOVO CB-01    00000001 ACPI 00040000)
/var/log/dmesg:[    0.006916] kernel: ACPI: CDIT 0x000000009F7E5000 000029 (v01 LENOVO CB-01    00000001 ACPI 00040000)
/var/log/dmesg:[    0.006919] kernel: ACPI: UEFI 0x000000009F7E4000 000042 (v01 LENOVO CB-01    00000001 ACPI 00040000)
/var/log/dmesg:[    0.006922] kernel: ACPI: VFCT 0x000000009F7D6000 00D484 (v01 LENOVO CB-01    00000001 ACPI 00040000)
/var/log/dmesg:[    0.006925] kernel: ACPI: SSDT 0x000000009F7D5000 00046D (v01 LENOVO CB-01    00000001 ACPI 00040000)
/var/log/dmesg:[    0.006928] kernel: ACPI: TPM2 0x000000009F7D4000 000034 (v04 LENOVO CB-01    00000001 ACPI 00040000)
/var/log/dmesg:[    0.006931] kernel: ACPI: IVRS 0x000000009F7D3000 0000D0 (v02 LENOVO CB-01    00000001 ACPI 00040000)
/var/log/dmesg:[    0.006934] kernel: ACPI: SSDT 0x000000009F7D2000 000AC1 (v01 LENOVO CB-01    00000001 ACPI 00040000)
/var/log/dmesg:[    0.006937] kernel: ACPI: SSDT 0x000000009F7D0000 001124 (v01 LENOVO CB-01    00000001 ACPI 00040000)
/var/log/dmesg:[    0.006940] kernel: ACPI: SSDT 0x000000009F7CF000 000050 (v01 LENOVO CB-01    00000001 ACPI 00040000)
/var/log/dmesg:[    0.006943] kernel: ACPI: SSDT 0x000000009F7CC000 00107C (v01 LENOVO CB-01    00000001 ACPI 00040000)
/var/log/dmesg:[    0.006946] kernel: ACPI: SSDT 0x000000009F7CB000 000086 (v01 LENOVO CB-01    00000001 ACPI 00040000)
/var/log/dmesg:[    0.006949] kernel: ACPI: SSDT 0x000000009F7C9000 001A41 (v01 LENOVO CB-01    00000001 ACPI 00040000)
/var/log/dmesg:[    0.006952] kernel: ACPI: FPDT 0x000000009F7C8000 000044 (v01 LENOVO CB-01    00000001 ACPI 00040000)
/var/log/dmesg:[    0.006955] kernel: ACPI: BGRT 0x000000009F7C7000 000038 (v01 LENOVO CB-01    00000001 ACPI 00040000)
/var/log/dmesg:[    0.006957] kernel: ACPI: Reserving FACP table memory at [mem 0x9f7f3000-0x9f7f310b]
/var/log/dmesg:[    0.006959] kernel: ACPI: Reserving DSDT table memory at [mem 0x9f7e9000-0x9f7ef0fd]
/var/log/dmesg:[    0.006960] kernel: ACPI: Reserving FACS table memory at [mem 0x9f39b000-0x9f39b03f]
/var/log/dmesg:[    0.006961] kernel: ACPI: Reserving UEFI table memory at [mem 0x9f7fd000-0x9f7fd235]
/var/log/dmesg:[    0.006962] kernel: ACPI: Reserving SSDT table memory at [mem 0x9f7f7000-0x9f7fc33c]
/var/log/dmesg:[    0.006963] kernel: ACPI: Reserving MSDM table memory at [mem 0x9f7f6000-0x9f7f6054]
/var/log/dmesg:[    0.006964] kernel: ACPI: Reserving ASF! table memory at [mem 0x9f7f5000-0x9f7f50a4]
/var/log/dmesg:[    0.006965] kernel: ACPI: Reserving BOOT table memory at [mem 0x9f7f4000-0x9f7f4027]
/var/log/dmesg:[    0.006966] kernel: ACPI: Reserving HPET table memory at [mem 0x9f7f2000-0x9f7f2037]
/var/log/dmesg:[    0.006967] kernel: ACPI: Reserving APIC table memory at [mem 0x9f7f1000-0x9f7f1137]
/var/log/dmesg:[    0.006967] kernel: ACPI: Reserving MCFG table memory at [mem 0x9f7f0000-0x9f7f003b]
/var/log/dmesg:[    0.006968] kernel: ACPI: Reserving SSDT table memory at [mem 0x9f7e7000-0x9f7e819b]
/var/log/dmesg:[    0.006969] kernel: ACPI: Reserving CRAT table memory at [mem 0x9f7e6000-0x9f7e6837]
/var/log/dmesg:[    0.006970] kernel: ACPI: Reserving CDIT table memory at [mem 0x9f7e5000-0x9f7e5028]
/var/log/dmesg:[    0.006971] kernel: ACPI: Reserving UEFI table memory at [mem 0x9f7e4000-0x9f7e4041]
/var/log/dmesg:[    0.006972] kernel: ACPI: Reserving VFCT table memory at [mem 0x9f7d6000-0x9f7e3483]
/var/log/dmesg:[    0.006973] kernel: ACPI: Reserving SSDT table memory at [mem 0x9f7d5000-0x9f7d546c]
/var/log/dmesg:[    0.006974] kernel: ACPI: Reserving TPM2 table memory at [mem 0x9f7d4000-0x9f7d4033]
/var/log/dmesg:[    0.006975] kernel: ACPI: Reserving IVRS table memory at [mem 0x9f7d3000-0x9f7d30cf]
/var/log/dmesg:[    0.006976] kernel: ACPI: Reserving SSDT table memory at [mem 0x9f7d2000-0x9f7d2ac0]
/var/log/dmesg:[    0.006976] kernel: ACPI: Reserving SSDT table memory at [mem 0x9f7d0000-0x9f7d1123]
/var/log/dmesg:[    0.006977] kernel: ACPI: Reserving SSDT table memory at [mem 0x9f7cf000-0x9f7cf04f]
/var/log/dmesg:[    0.006978] kernel: ACPI: Reserving SSDT table memory at [mem 0x9f7cc000-0x9f7cd07b]
/var/log/dmesg:[    0.006979] kernel: ACPI: Reserving SSDT table memory at [mem 0x9f7cb000-0x9f7cb085]
/var/log/dmesg:[    0.006980] kernel: ACPI: Reserving SSDT table memory at [mem 0x9f7c9000-0x9f7caa40]
/var/log/dmesg:[    0.006981] kernel: ACPI: Reserving FPDT table memory at [mem 0x9f7c8000-0x9f7c8043]
/var/log/dmesg:[    0.006982] kernel: ACPI: Reserving BGRT table memory at [mem 0x9f7c7000-0x9f7c7037]
/var/log/dmesg:[    0.062646] kernel: ACPI: PM-Timer IO Port: 0x408
/var/log/dmesg:[    0.062657] kernel: ACPI: LAPIC_NMI (acpi_id[0x00] high edge lint[0x1])
/var/log/dmesg:[    0.062659] kernel: ACPI: LAPIC_NMI (acpi_id[0x01] high edge lint[0x1])
/var/log/dmesg:[    0.062661] kernel: ACPI: LAPIC_NMI (acpi_id[0x02] high edge lint[0x1])
/var/log/dmesg:[    0.062662] kernel: ACPI: LAPIC_NMI (acpi_id[0x03] high edge lint[0x1])
/var/log/dmesg:[    0.062662] kernel: ACPI: LAPIC_NMI (acpi_id[0x04] high edge lint[0x1])
/var/log/dmesg:[    0.062663] kernel: ACPI: LAPIC_NMI (acpi_id[0x05] high edge lint[0x1])
/var/log/dmesg:[    0.062664] kernel: ACPI: LAPIC_NMI (acpi_id[0x06] high edge lint[0x1])
/var/log/dmesg:[    0.062665] kernel: ACPI: LAPIC_NMI (acpi_id[0x07] high edge lint[0x1])
/var/log/dmesg:[    0.062666] kernel: ACPI: LAPIC_NMI (acpi_id[0x08] high edge lint[0x1])
/var/log/dmesg:[    0.062667] kernel: ACPI: LAPIC_NMI (acpi_id[0x09] high edge lint[0x1])
/var/log/dmesg:[    0.062668] kernel: ACPI: LAPIC_NMI (acpi_id[0x0a] high edge lint[0x1])
/var/log/dmesg:[    0.062668] kernel: ACPI: LAPIC_NMI (acpi_id[0x0b] high edge lint[0x1])
/var/log/dmesg:[    0.062669] kernel: ACPI: LAPIC_NMI (acpi_id[0x0c] high edge lint[0x1])
/var/log/dmesg:[    0.062670] kernel: ACPI: LAPIC_NMI (acpi_id[0x0d] high edge lint[0x1])
/var/log/dmesg:[    0.062671] kernel: ACPI: LAPIC_NMI (acpi_id[0x0e] high edge lint[0x1])
/var/log/dmesg:[    0.062672] kernel: ACPI: LAPIC_NMI (acpi_id[0x0f] high edge lint[0x1])
/var/log/dmesg:[    0.062711] kernel: ACPI: INT_SRC_OVR (bus 0 bus_irq 0 global_irq 2 dfl dfl)
/var/log/dmesg:[    0.062713] kernel: ACPI: INT_SRC_OVR (bus 0 bus_irq 9 global_irq 9 low level)
/var/log/dmesg:[    0.062718] kernel: ACPI: Using ACPI (MADT) for SMP configuration information
/var/log/dmesg:[    0.062719] kernel: ACPI: HPET id: 0x10228210 base: 0xfed00000
/var/log/dmesg:[    0.163446] kernel: ACPI: Core revision 20230628
/var/log/dmesg:[    0.331561] kernel: ACPI: PM: Registering ACPI NVS region [mem 0x09f00000-0x09f09fff] (40960 bytes)
/var/log/dmesg:[    0.331561] kernel: ACPI: PM: Registering ACPI NVS region [mem 0x9eebf000-0x9f7befff] (9437184 bytes)
/var/log/dmesg:[    0.335855] kernel: acpiphp: ACPI Hot Plug PCI Controller Driver version: 0.5
/var/log/dmesg:[    0.336927] kernel: ACPI: Added _OSI(Module Device)
/var/log/dmesg:[    0.336930] kernel: ACPI: Added _OSI(Processor Device)
/var/log/dmesg:[    0.336933] kernel: ACPI: Added _OSI(3.0 _SCP Extensions)
/var/log/dmesg:[    0.336936] kernel: ACPI: Added _OSI(Processor Aggregator Device)
/var/log/dmesg:[    0.344136] kernel: ACPI: [Firmware Bug]: BIOS _OSI(Linux) query ignored
/var/log/dmesg:[    0.360658] kernel: ACPI BIOS Error (bug): Could not resolve symbol [\_SB.PCI0.GPP0.SWUS], AE_NOT_FOUND (20230628/dswload2-162)
/var/log/dmesg:[    0.360669] kernel: ACPI Error: AE_NOT_FOUND, During name lookup/catalog (20230628/psobject-220)
/var/log/dmesg:[    0.360675] kernel: ACPI: Skipping parse of AML opcode: Scope (0x0010)
/var/log/dmesg:[    0.360681] kernel: ACPI BIOS Error (bug): Could not resolve symbol [\_SB.PCI0.GPP0.SWUS.SWDS], AE_NOT_FOUND (20230628/dswload2-162)
/var/log/dmesg:[    0.360688] kernel: ACPI Error: AE_NOT_FOUND, During name lookup/catalog (20230628/psobject-220)
/var/log/dmesg:[    0.360693] kernel: ACPI: Skipping parse of AML opcode: Scope (0x0010)
/var/log/dmesg:[    0.361697] kernel: ACPI: 10 ACPI AML tables successfully acquired and loaded
/var/log/dmesg:[    0.367985] kernel: ACPI: _OSC evaluation for CPUs failed, trying _PDC
/var/log/dmesg:[    0.368791] kernel: ACPI: EC: EC started
/var/log/dmesg:[    0.368793] kernel: ACPI: EC: interrupt blocked
/var/log/dmesg:[    0.369906] kernel: ACPI: EC: EC_CMD/EC_SC=0x66, EC_DATA=0x62
/var/log/dmesg:[    0.369910] kernel: ACPI: \_SB_.PCI0.LPC0.EC0_: Boot DSDT EC used to handle transactions
/var/log/dmesg:[    0.369913] kernel: ACPI: Interpreter enabled
/var/log/dmesg:[    0.369939] kernel: ACPI: PM: (supports S0 S3 S4 S5)
/var/log/dmesg:[    0.369942] kernel: ACPI: Using IOAPIC for interrupt routing
/var/log/dmesg:[    0.371798] kernel: PCI: Using host bridge windows from ACPI; if necessary, use "pci=nocrs" and report a bug
/var/log/dmesg:[    0.372205] kernel: ACPI: Enabled 3 GPEs in block 00 to 1F
/var/log/dmesg:[    0.373750] kernel: ACPI: \_SB_.PCI0.GPP0.M237: New power resource
/var/log/dmesg:[    0.378253] kernel: ACPI: \_SB_.P0ST: New power resource
/var/log/dmesg:[    0.378317] kernel: ACPI: \_SB_.P3ST: New power resource
/var/log/dmesg:[    0.385537] kernel: ACPI: PCI Root Bridge [PCI0] (domain 0000 [bus 00-ff])
/var/log/dmesg:[    0.385547] kernel: acpi PNP0A08:00: _OSC: OS supports [ExtendedConfig ASPM ClockPM Segments MSI EDR HPX-Type3]
/var/log/dmesg:[    0.385749] kernel: acpi PNP0A08:00: _OSC: platform does not support [SHPCHotplug LTR DPC]
/var/log/dmesg:[    0.386113] kernel: acpi PNP0A08:00: _OSC: OS now controls [PCIeHotplug PME AER PCIeCapability]
/var/log/dmesg:[    0.386130] kernel: acpi PNP0A08:00: [Firmware Info]: ECAM [mem 0xf8000000-0xfbffffff] for domain 0000 [bus 00-3f] only partially covers this bridge
/var/log/dmesg:[    0.397260] kernel: ACPI: PCI: Interrupt link LNKA configured for IRQ 0
/var/log/dmesg:[    0.397263] kernel: ACPI: PCI: Interrupt link LNKA disabled
/var/log/dmesg:[    0.397432] kernel: ACPI: PCI: Interrupt link LNKB configured for IRQ 0
/var/log/dmesg:[    0.397434] kernel: ACPI: PCI: Interrupt link LNKB disabled
/var/log/dmesg:[    0.397571] kernel: ACPI: PCI: Interrupt link LNKC configured for IRQ 0
/var/log/dmesg:[    0.397573] kernel: ACPI: PCI: Interrupt link LNKC disabled
/var/log/dmesg:[    0.397743] kernel: ACPI: PCI: Interrupt link LNKD configured for IRQ 0
/var/log/dmesg:[    0.397746] kernel: ACPI: PCI: Interrupt link LNKD disabled
/var/log/dmesg:[    0.397901] kernel: ACPI: PCI: Interrupt link LNKE configured for IRQ 0
/var/log/dmesg:[    0.397903] kernel: ACPI: PCI: Interrupt link LNKE disabled
/var/log/dmesg:[    0.398034] kernel: ACPI: PCI: Interrupt link LNKF configured for IRQ 0
/var/log/dmesg:[    0.398036] kernel: ACPI: PCI: Interrupt link LNKF disabled
/var/log/dmesg:[    0.398167] kernel: ACPI: PCI: Interrupt link LNKG configured for IRQ 0
/var/log/dmesg:[    0.398169] kernel: ACPI: PCI: Interrupt link LNKG disabled
/var/log/dmesg:[    0.398300] kernel: ACPI: PCI: Interrupt link LNKH configured for IRQ 0
/var/log/dmesg:[    0.398302] kernel: ACPI: PCI: Interrupt link LNKH disabled
/var/log/dmesg:[    0.399228] kernel: ACPI: EC: interrupt unblocked
/var/log/dmesg:[    0.399231] kernel: ACPI: EC: event unblocked
/var/log/dmesg:[    0.399236] kernel: ACPI: EC: EC_CMD/EC_SC=0x66, EC_DATA=0x62
/var/log/dmesg:[    0.399238] kernel: ACPI: EC: GPE=0x3
/var/log/dmesg:[    0.399240] kernel: ACPI: \_SB_.PCI0.LPC0.EC0_: Boot DSDT EC initialization complete
/var/log/dmesg:[    0.399243] kernel: ACPI: \_SB_.PCI0.LPC0.EC0_: EC: Used to handle transactions and events
/var/log/dmesg:[    0.399759] kernel: ACPI: bus type USB registered
/var/log/dmesg:[    0.403906] kernel: PCI: Using ACPI for IRQ routing
/var/log/dmesg:[    0.410315] kernel: pnp: PnP ACPI init
/var/log/dmesg:[    0.412032] kernel: pnp: PnP ACPI: found 5 devices
/var/log/dmesg:[    0.419451] kernel: clocksource: acpi_pm: mask: 0xffffff max_cycles: 0xffffff, max_idle_ns: 2085701024 ns
/var/log/dmesg:[    0.583009] kernel: ACPI: AC: AC Adapter [ADP0] (on-line)
/var/log/dmesg:[    0.583317] kernel: ACPI: button: Lid Switch [LID]
/var/log/dmesg:[    0.583507] kernel: ACPI: button: Power Button [PWRB]
/var/log/dmesg:[    0.583778] kernel: ACPI: button: Power Button [PWRF]
/var/log/dmesg:[    0.583889] kernel: ACPI: \_PR_.C000: Found 2 idle states
/var/log/dmesg:[    0.584131] kernel: ACPI: \_PR_.C001: Found 2 idle states
/var/log/dmesg:[    0.584348] kernel: ACPI: \_PR_.C002: Found 2 idle states
/var/log/dmesg:[    0.584635] kernel: ACPI: \_PR_.C003: Found 2 idle states
/var/log/dmesg:[    0.584842] kernel: ACPI: \_PR_.C004: Found 2 idle states
/var/log/dmesg:[    0.585400] kernel: ACPI: \_PR_.C005: Found 2 idle states
/var/log/dmesg:[    0.585894] kernel: ACPI: \_PR_.C006: Found 2 idle states
/var/log/dmesg:[    0.586146] kernel: ACPI: \_PR_.C007: Found 2 idle states
/var/log/dmesg:[    0.606985] kernel: ACPI: bus type drm_connector registered
/var/log/dmesg:[    0.613563] kernel: amd_pstate: the _CPC object is not present in SBIOS or ACPI disabled
/var/log/dmesg:[    0.660875] kernel: ACPI: battery: Slot [BAT0] (battery present)
/var/log/dmesg:[    0.691411] kernel: acpi_cpufreq: overriding BIOS provided _PSD data
/var/log/dmesg:[    1.153284] kernel: ACPI: video: Video Device [VGA] (multi-head: yes  rom: no  post: no)
/var/log/dmesg:[    1.154234] kernel: ACPI: video: Video Device [VGA1] (multi-head: yes  rom: no  post: no)
/var/log/dmesg:[    1.154586] kernel: ACPI: video: Video Device [VGA2] (multi-head: yes  rom: no  post: no)
/var/log/dmesg:[    3.522838] kernel: ideapad_acpi VPC2004:00: Keyboard backlight control not available
/var/log/dmesg:[    3.550868] kernel: ideapad_acpi VPC2004:00: DYTC interface is not available
/var/log/syslog.1:2025-02-20T09:36:50.239569+05:00 ubuntu kernel: ACPI BIOS Error (bug): Could not resolve symbol [^^^PB2.VGA.AFN2], AE_NOT_FOUND (20230628/psargs-330)
/var/log/syslog.1:2025-02-20T09:36:50.239589+05:00 ubuntu kernel: ACPI Error: Aborting method \_SB.PCI0.LPC0.EC0._Q1E due to previous error (AE_NOT_FOUND) (20230628/psparse-529)
/var/log/syslog.1:2025-02-20T11:15:52.760038+05:00 ubuntu kernel: BIOS-e820: [mem 0x0000000009f00000-0x0000000009f09fff] ACPI NVS
/var/log/syslog.1:2025-02-20T11:15:52.760046+05:00 ubuntu kernel: BIOS-e820: [mem 0x000000009eebf000-0x000000009f7befff] ACPI NVS
/var/log/syslog.1:2025-02-20T11:15:52.760047+05:00 ubuntu kernel: BIOS-e820: [mem 0x000000009f7bf000-0x000000009f7fefff] ACPI data
/var/log/syslog.1:2025-02-20T11:15:52.760088+05:00 ubuntu kernel: reserve setup_data: [mem 0x0000000009f00000-0x0000000009f09fff] ACPI NVS
/var/log/syslog.1:2025-02-20T11:15:52.760112+05:00 ubuntu kernel: reserve setup_data: [mem 0x000000009eebf000-0x000000009f7befff] ACPI NVS
/var/log/syslog.1:2025-02-20T11:15:52.760113+05:00 ubuntu kernel: reserve setup_data: [mem 0x000000009f7bf000-0x000000009f7fefff] ACPI data
/var/log/syslog.1:2025-02-20T11:15:52.760505+05:00 ubuntu kernel: efi: ACPI=0x9f7fe000 ACPI 2.0=0x9f7fe014 SMBIOS=0x96bc4000 SMBIOS 3.0=0x96bc2000 ESRT=0x96bc5b98 TPMFinalLog=0x9ede1000 MEMATTR=0x8b5cb198 MOKvar=0x96bb9000 INITRD=0x83ebe598 RNG=0x9f7c6018 TPMEventLog=0x802ca018 
/var/log/syslog.1:2025-02-20T11:15:52.760549+05:00 ubuntu kernel: ACPI: Early table checksum verification disabled
/var/log/syslog.1:2025-02-20T11:15:52.760550+05:00 ubuntu kernel: ACPI: RSDP 0x000000009F7FE014 000024 (v02 LENOVO)
/var/log/syslog.1:2025-02-20T11:15:52.760551+05:00 ubuntu kernel: ACPI: XSDT 0x000000009F7CE188 0000EC (v01 LENOVO CB-01    00000001      01000013)
/var/log/syslog.1:2025-02-20T11:15:52.760736+05:00 ubuntu kernel: ACPI: FACP 0x000000009F7F3000 00010C (v05 LENOVO CB-01    00000001 ACPI 00040000)
/var/log/syslog.1:2025-02-20T11:15:52.760737+05:00 ubuntu kernel: ACPI: DSDT 0x000000009F7E9000 0060FE (v01 LENOVO CB-01    00000001 ACPI 00040000)
/var/log/syslog.1:2025-02-20T11:15:52.760738+05:00 ubuntu kernel: ACPI: FACS 0x000000009F39B000 000040
/var/log/syslog.1:2025-02-20T11:15:52.760744+05:00 ubuntu kernel: ACPI: UEFI 0x000000009F7FD000 000236 (v01 LENOVO CB-01    00000001 ACPI 00040000)
/var/log/syslog.1:2025-02-20T11:15:52.760745+05:00 ubuntu kernel: ACPI: SSDT 0x000000009F7F7000 00533D (v02 LENOVO CB-01    00000001 ACPI 00040000)
/var/log/syslog.1:2025-02-20T11:15:52.760746+05:00 ubuntu kernel: ACPI: MSDM 0x000000009F7F6000 000055 (v03 LENOVO CB-01    00000001 ACPI 00040000)
/var/log/syslog.1:2025-02-20T11:15:52.760747+05:00 ubuntu kernel: ACPI: ASF! 0x000000009F7F5000 0000A5 (v32 LENOVO CB-01    00000001 ACPI 00040000)
/var/log/syslog.1:2025-02-20T11:15:52.760748+05:00 ubuntu kernel: ACPI: BOOT 0x000000009F7F4000 000028 (v01 LENOVO CB-01    00000001 ACPI 00040000)
/var/log/syslog.1:2025-02-20T11:15:52.760749+05:00 ubuntu kernel: ACPI: HPET 0x000000009F7F2000 000038 (v01 LENOVO CB-01    00000001 ACPI 00040000)
/var/log/syslog.1:2025-02-20T11:15:52.760755+05:00 ubuntu kernel: ACPI: APIC 0x000000009F7F1000 000138 (v03 LENOVO CB-01    00000001 ACPI 00040000)
/var/log/syslog.1:2025-02-20T11:15:52.760756+05:00 ubuntu kernel: ACPI: MCFG 0x000000009F7F0000 00003C (v01 LENOVO CB-01    00000001 ACPI 00040000)
/var/log/syslog.1:2025-02-20T11:15:52.760757+05:00 ubuntu kernel: ACPI: SSDT 0x000000009F7E7000 00119C (v01 LENOVO CB-01    00000001 ACPI 00040000)
/var/log/syslog.1:2025-02-20T11:15:52.760757+05:00 ubuntu kernel: ACPI: CRAT 0x000000009F7E6000 000838 (v01 LENOVO CB-01    00000001 ACPI 00040000)
/var/log/syslog.1:2025-02-20T11:15:52.760758+05:00 ubuntu kernel: ACPI: CDIT 0x000000009F7E5000 000029 (v01 LENOVO CB-01    00000001 ACPI 00040000)
/var/log/syslog.1:2025-02-20T11:15:52.760759+05:00 ubuntu kernel: ACPI: UEFI 0x000000009F7E4000 000042 (v01 LENOVO CB-01    00000001 ACPI 00040000)
/var/log/syslog.1:2025-02-20T11:15:52.760759+05:00 ubuntu kernel: ACPI: VFCT 0x000000009F7D6000 00D484 (v01 LENOVO CB-01    00000001 ACPI 00040000)
/var/log/syslog.1:2025-02-20T11:15:52.760766+05:00 ubuntu kernel: ACPI: SSDT 0x000000009F7D5000 00046D (v01 LENOVO CB-01    00000001 ACPI 00040000)
/var/log/syslog.1:2025-02-20T11:15:52.760768+05:00 ubuntu kernel: ACPI: TPM2 0x000000009F7D4000 000034 (v04 LENOVO CB-01    00000001 ACPI 00040000)
/var/log/syslog.1:2025-02-20T11:15:52.760769+05:00 ubuntu kernel: ACPI: IVRS 0x000000009F7D3000 0000D0 (v02 LENOVO CB-01    00000001 ACPI 00040000)
/var/log/syslog.1:2025-02-20T11:15:52.760770+05:00 ubuntu kernel: ACPI: SSDT 0x000000009F7D2000 000AC1 (v01 LENOVO CB-01    00000001 ACPI 00040000)
/var/log/syslog.1:2025-02-20T11:15:52.760770+05:00 ubuntu kernel: ACPI: SSDT 0x000000009F7D0000 001124 (v01 LENOVO CB-01    00000001 ACPI 00040000)
/var/log/syslog.1:2025-02-20T11:15:52.760771+05:00 ubuntu kernel: ACPI: SSDT 0x000000009F7CF000 000050 (v01 LENOVO CB-01    00000001 ACPI 00040000)
/var/log/syslog.1:2025-02-20T11:15:52.760778+05:00 ubuntu kernel: ACPI: SSDT 0x000000009F7CC000 00107C (v01 LENOVO CB-01    00000001 ACPI 00040000)
/var/log/syslog.1:2025-02-20T11:15:52.760782+05:00 ubuntu kernel: ACPI: SSDT 0x000000009F7CB000 000086 (v01 LENOVO CB-01    00000001 ACPI 00040000)
/var/log/syslog.1:2025-02-20T11:15:52.760784+05:00 ubuntu kernel: ACPI: SSDT 0x000000009F7C9000 001A41 (v01 LENOVO CB-01    00000001 ACPI 00040000)
/var/log/syslog.1:2025-02-20T11:15:52.760785+05:00 ubuntu kernel: ACPI: FPDT 0x000000009F7C8000 000044 (v01 LENOVO CB-01    00000001 ACPI 00040000)
/var/log/syslog.1:2025-02-20T11:15:52.760786+05:00 ubuntu kernel: ACPI: BGRT 0x000000009F7C7000 000038 (v01 LENOVO CB-01    00000001 ACPI 00040000)
/var/log/syslog.1:2025-02-20T11:15:52.760787+05:00 ubuntu kernel: ACPI: Reserving FACP table memory at [mem 0x9f7f3000-0x9f7f310b]
/var/log/syslog.1:2025-02-20T11:15:52.760787+05:00 ubuntu kernel: ACPI: Reserving DSDT table memory at [mem 0x9f7e9000-0x9f7ef0fd]
/var/log/syslog.1:2025-02-20T11:15:52.760792+05:00 ubuntu kernel: ACPI: Reserving FACS table memory at [mem 0x9f39b000-0x9f39b03f]
/var/log/syslog.1:2025-02-20T11:15:52.760793+05:00 ubuntu kernel: ACPI: Reserving UEFI table memory at [mem 0x9f7fd000-0x9f7fd235]
/var/log/syslog.1:2025-02-20T11:15:52.760794+05:00 ubuntu kernel: ACPI: Reserving SSDT table memory at [mem 0x9f7f7000-0x9f7fc33c]
/var/log/syslog.1:2025-02-20T11:15:52.760794+05:00 ubuntu kernel: ACPI: Reserving MSDM table memory at [mem 0x9f7f6000-0x9f7f6054]
/var/log/syslog.1:2025-02-20T11:15:52.760795+05:00 ubuntu kernel: ACPI: Reserving ASF! table memory at [mem 0x9f7f5000-0x9f7f50a4]
/var/log/syslog.1:2025-02-20T11:15:52.760796+05:00 ubuntu kernel: ACPI: Reserving BOOT table memory at [mem 0x9f7f4000-0x9f7f4027]
/var/log/syslog.1:2025-02-20T11:15:52.760801+05:00 ubuntu kernel: ACPI: Reserving HPET table memory at [mem 0x9f7f2000-0x9f7f2037]
/var/log/syslog.1:2025-02-20T11:15:52.760802+05:00 ubuntu kernel: ACPI: Reserving APIC table memory at [mem 0x9f7f1000-0x9f7f1137]
/var/log/syslog.1:2025-02-20T11:15:52.760803+05:00 ubuntu kernel: ACPI: Reserving MCFG table memory at [mem 0x9f7f0000-0x9f7f003b]
/var/log/syslog.1:2025-02-20T11:15:52.760803+05:00 ubuntu kernel: ACPI: Reserving SSDT table memory at [mem 0x9f7e7000-0x9f7e819b]
/var/log/syslog.1:2025-02-20T11:15:52.760804+05:00 ubuntu kernel: ACPI: Reserving CRAT table memory at [mem 0x9f7e6000-0x9f7e6837]
/var/log/syslog.1:2025-02-20T11:15:52.760805+05:00 ubuntu kernel: ACPI: Reserving CDIT table memory at [mem 0x9f7e5000-0x9f7e5028]
/var/log/syslog.1:2025-02-20T11:15:52.760810+05:00 ubuntu kernel: ACPI: Reserving UEFI table memory at [mem 0x9f7e4000-0x9f7e4041]
/var/log/syslog.1:2025-02-20T11:15:52.760811+05:00 ubuntu kernel: ACPI: Reserving VFCT table memory at [mem 0x9f7d6000-0x9f7e3483]
/var/log/syslog.1:2025-02-20T11:15:52.760812+05:00 ubuntu kernel: ACPI: Reserving SSDT table memory at [mem 0x9f7d5000-0x9f7d546c]
/var/log/syslog.1:2025-02-20T11:15:52.760813+05:00 ubuntu kernel: ACPI: Reserving TPM2 table memory at [mem 0x9f7d4000-0x9f7d4033]
/var/log/syslog.1:2025-02-20T11:15:52.760813+05:00 ubuntu kernel: ACPI: Reserving IVRS table memory at [mem 0x9f7d3000-0x9f7d30cf]
/var/log/syslog.1:2025-02-20T11:15:52.760814+05:00 ubuntu kernel: ACPI: Reserving SSDT table memory at [mem 0x9f7d2000-0x9f7d2ac0]
/var/log/syslog.1:2025-02-20T11:15:52.760815+05:00 ubuntu kernel: ACPI: Reserving SSDT table memory at [mem 0x9f7d0000-0x9f7d1123]
/var/log/syslog.1:2025-02-20T11:15:52.760820+05:00 ubuntu kernel: ACPI: Reserving SSDT table memory at [mem 0x9f7cf000-0x9f7cf04f]
/var/log/syslog.1:2025-02-20T11:15:52.760821+05:00 ubuntu kernel: ACPI: Reserving SSDT table memory at [mem 0x9f7cc000-0x9f7cd07b]
/var/log/syslog.1:2025-02-20T11:15:52.760822+05:00 ubuntu kernel: ACPI: Reserving SSDT table memory at [mem 0x9f7cb000-0x9f7cb085]
/var/log/syslog.1:2025-02-20T11:15:52.760823+05:00 ubuntu kernel: ACPI: Reserving SSDT table memory at [mem 0x9f7c9000-0x9f7caa40]
/var/log/syslog.1:2025-02-20T11:15:52.760824+05:00 ubuntu kernel: ACPI: Reserving FPDT table memory at [mem 0x9f7c8000-0x9f7c8043]
/var/log/syslog.1:2025-02-20T11:15:52.760825+05:00 ubuntu kernel: ACPI: Reserving BGRT table memory at [mem 0x9f7c7000-0x9f7c7037]
/var/log/syslog.1:2025-02-20T11:15:52.760885+05:00 ubuntu kernel: ACPI: PM-Timer IO Port: 0x408
/var/log/syslog.1:2025-02-20T11:15:52.760886+05:00 ubuntu kernel: ACPI: LAPIC_NMI (acpi_id[0x00] high edge lint[0x1])
/var/log/syslog.1:2025-02-20T11:15:52.760887+05:00 ubuntu kernel: ACPI: LAPIC_NMI (acpi_id[0x01] high edge lint[0x1])
/var/log/syslog.1:2025-02-20T11:15:52.760888+05:00 ubuntu kernel: ACPI: LAPIC_NMI (acpi_id[0x02] high edge lint[0x1])
/var/log/syslog.1:2025-02-20T11:15:52.760893+05:00 ubuntu kernel: ACPI: LAPIC_NMI (acpi_id[0x03] high edge lint[0x1])
/var/log/syslog.1:2025-02-20T11:15:52.760894+05:00 ubuntu kernel: ACPI: LAPIC_NMI (acpi_id[0x04] high edge lint[0x1])
/var/log/syslog.1:2025-02-20T11:15:52.760895+05:00 ubuntu kernel: ACPI: LAPIC_NMI (acpi_id[0x05] high edge lint[0x1])
/var/log/syslog.1:2025-02-20T11:15:52.760896+05:00 ubuntu kernel: ACPI: LAPIC_NMI (acpi_id[0x06] high edge lint[0x1])
/var/log/syslog.1:2025-02-20T11:15:52.760897+05:00 ubuntu kernel: ACPI: LAPIC_NMI (acpi_id[0x07] high edge lint[0x1])
/var/log/syslog.1:2025-02-20T11:15:52.760898+05:00 ubuntu kernel: ACPI: LAPIC_NMI (acpi_id[0x08] high edge lint[0x1])
/var/log/syslog.1:2025-02-20T11:15:52.760903+05:00 ubuntu kernel: ACPI: LAPIC_NMI (acpi_id[0x09] high edge lint[0x1])
/var/log/syslog.1:2025-02-20T11:15:52.760905+05:00 ubuntu kernel: ACPI: LAPIC_NMI (acpi_id[0x0a] high edge lint[0x1])
/var/log/syslog.1:2025-02-20T11:15:52.760906+05:00 ubuntu kernel: ACPI: LAPIC_NMI (acpi_id[0x0b] high edge lint[0x1])
/var/log/syslog.1:2025-02-20T11:15:52.760907+05:00 ubuntu kernel: ACPI: LAPIC_NMI (acpi_id[0x0c] high edge lint[0x1])
/var/log/syslog.1:2025-02-20T11:15:52.760908+05:00 ubuntu kernel: ACPI: LAPIC_NMI (acpi_id[0x0d] high edge lint[0x1])
/var/log/syslog.1:2025-02-20T11:15:52.760909+05:00 ubuntu kernel: ACPI: LAPIC_NMI (acpi_id[0x0e] high edge lint[0x1])
/var/log/syslog.1:2025-02-20T11:15:52.760910+05:00 ubuntu kernel: ACPI: LAPIC_NMI (acpi_id[0x0f] high edge lint[0x1])
/var/log/syslog.1:2025-02-20T11:15:52.761074+05:00 ubuntu kernel: ACPI: INT_SRC_OVR (bus 0 bus_irq 0 global_irq 2 dfl dfl)
/var/log/syslog.1:2025-02-20T11:15:52.761075+05:00 ubuntu kernel: ACPI: INT_SRC_OVR (bus 0 bus_irq 9 global_irq 9 low level)
/var/log/syslog.1:2025-02-20T11:15:52.761076+05:00 ubuntu kernel: ACPI: Using ACPI (MADT) for SMP configuration information
/var/log/syslog.1:2025-02-20T11:15:52.761077+05:00 ubuntu kernel: ACPI: HPET id: 0x10228210 base: 0xfed00000
/var/log/syslog.1:2025-02-20T11:15:52.761145+05:00 ubuntu kernel: ACPI: Core revision 20230628
/var/log/syslog.1:2025-02-20T11:15:52.761460+05:00 ubuntu kernel: ACPI: PM: Registering ACPI NVS region [mem 0x09f00000-0x09f09fff] (40960 bytes)
/var/log/syslog.1:2025-02-20T11:15:52.761461+05:00 ubuntu kernel: ACPI: PM: Registering ACPI NVS region [mem 0x9eebf000-0x9f7befff] (9437184 bytes)
/var/log/syslog.1:2025-02-20T11:15:52.761478+05:00 ubuntu kernel: acpiphp: ACPI Hot Plug PCI Controller Driver version: 0.5
/var/log/syslog.1:2025-02-20T11:15:52.761489+05:00 ubuntu kernel: ACPI: Added _OSI(Module Device)
/var/log/syslog.1:2025-02-20T11:15:52.761490+05:00 ubuntu kernel: ACPI: Added _OSI(Processor Device)
/var/log/syslog.1:2025-02-20T11:15:52.761491+05:00 ubuntu kernel: ACPI: Added _OSI(3.0 _SCP Extensions)
/var/log/syslog.1:2025-02-20T11:15:52.761491+05:00 ubuntu kernel: ACPI: Added _OSI(Processor Aggregator Device)
/var/log/syslog.1:2025-02-20T11:15:52.761492+05:00 ubuntu kernel: ACPI: [Firmware Bug]: BIOS _OSI(Linux) query ignored
/var/log/syslog.1:2025-02-20T11:15:52.761493+05:00 ubuntu kernel: ACPI BIOS Error (bug): Could not resolve symbol [\_SB.PCI0.GPP0.SWUS], AE_NOT_FOUND (20230628/dswload2-162)
/var/log/syslog.1:2025-02-20T11:15:52.761494+05:00 ubuntu kernel: ACPI Error: AE_NOT_FOUND, During name lookup/catalog (20230628/psobject-220)
/var/log/syslog.1:2025-02-20T11:15:52.761495+05:00 ubuntu kernel: ACPI: Skipping parse of AML opcode: Scope (0x0010)
/var/log/syslog.1:2025-02-20T11:15:52.761496+05:00 ubuntu kernel: ACPI BIOS Error (bug): Could not resolve symbol [\_SB.PCI0.GPP0.SWUS.SWDS], AE_NOT_FOUND (20230628/dswload2-162)
/var/log/syslog.1:2025-02-20T11:15:52.761497+05:00 ubuntu kernel: ACPI Error: AE_NOT_FOUND, During name lookup/catalog (20230628/psobject-220)
/var/log/syslog.1:2025-02-20T11:15:52.761498+05:00 ubuntu kernel: ACPI: Skipping parse of AML opcode: Scope (0x0010)
/var/log/syslog.1:2025-02-20T11:15:52.761499+05:00 ubuntu kernel: ACPI: 10 ACPI AML tables successfully acquired and loaded
/var/log/syslog.1:2025-02-20T11:15:52.761500+05:00 ubuntu kernel: ACPI: _OSC evaluation for CPUs failed, trying _PDC
/var/log/syslog.1:2025-02-20T11:15:52.761501+05:00 ubuntu kernel: ACPI: EC: EC started
/var/log/syslog.1:2025-02-20T11:15:52.761502+05:00 ubuntu kernel: ACPI: EC: interrupt blocked
/var/log/syslog.1:2025-02-20T11:15:52.761502+05:00 ubuntu kernel: ACPI: EC: EC_CMD/EC_SC=0x66, EC_DATA=0x62
/var/log/syslog.1:2025-02-20T11:15:52.761503+05:00 ubuntu kernel: ACPI: \_SB_.PCI0.LPC0.EC0_: Boot DSDT EC used to handle transactions
/var/log/syslog.1:2025-02-20T11:15:52.761504+05:00 ubuntu kernel: ACPI: Interpreter enabled
/var/log/syslog.1:2025-02-20T11:15:52.761505+05:00 ubuntu kernel: ACPI: PM: (supports S0 S3 S4 S5)
/var/log/syslog.1:2025-02-20T11:15:52.761506+05:00 ubuntu kernel: ACPI: Using IOAPIC for interrupt routing
/var/log/syslog.1:2025-02-20T11:15:52.761507+05:00 ubuntu kernel: PCI: Using host bridge windows from ACPI; if necessary, use "pci=nocrs" and report a bug
/var/log/syslog.1:2025-02-20T11:15:52.761509+05:00 ubuntu kernel: ACPI: Enabled 3 GPEs in block 00 to 1F
/var/log/syslog.1:2025-02-20T11:15:52.761509+05:00 ubuntu kernel: ACPI: \_SB_.PCI0.GPP0.M237: New power resource
/var/log/syslog.1:2025-02-20T11:15:52.761510+05:00 ubuntu kernel: ACPI: \_SB_.P0ST: New power resource
/var/log/syslog.1:2025-02-20T11:15:52.761511+05:00 ubuntu kernel: ACPI: \_SB_.P3ST: New power resource
/var/log/syslog.1:2025-02-20T11:15:52.761512+05:00 ubuntu kernel: ACPI: PCI Root Bridge [PCI0] (domain 0000 [bus 00-ff])
/var/log/syslog.1:2025-02-20T11:15:52.761513+05:00 ubuntu kernel: acpi PNP0A08:00: _OSC: OS supports [ExtendedConfig ASPM ClockPM Segments MSI EDR HPX-Type3]
/var/log/syslog.1:2025-02-20T11:15:52.761514+05:00 ubuntu kernel: acpi PNP0A08:00: _OSC: platform does not support [SHPCHotplug LTR DPC]
/var/log/syslog.1:2025-02-20T11:15:52.761515+05:00 ubuntu kernel: acpi PNP0A08:00: _OSC: OS now controls [PCIeHotplug PME AER PCIeCapability]
/var/log/syslog.1:2025-02-20T11:15:52.761516+05:00 ubuntu kernel: acpi PNP0A08:00: [Firmware Info]: ECAM [mem 0xf8000000-0xfbffffff] for domain 0000 [bus 00-3f] only partially covers this bridge
/var/log/syslog.1:2025-02-20T11:15:52.761790+05:00 ubuntu kernel: ACPI: PCI: Interrupt link LNKA configured for IRQ 0
/var/log/syslog.1:2025-02-20T11:15:52.761791+05:00 ubuntu kernel: ACPI: PCI: Interrupt link LNKA disabled
/var/log/syslog.1:2025-02-20T11:15:52.761792+05:00 ubuntu kernel: ACPI: PCI: Interrupt link LNKB configured for IRQ 0
/var/log/syslog.1:2025-02-20T11:15:52.761793+05:00 ubuntu kernel: ACPI: PCI: Interrupt link LNKB disabled
/var/log/syslog.1:2025-02-20T11:15:52.761794+05:00 ubuntu kernel: ACPI: PCI: Interrupt link LNKC configured for IRQ 0
/var/log/syslog.1:2025-02-20T11:15:52.761795+05:00 ubuntu kernel: ACPI: PCI: Interrupt link LNKC disabled
/var/log/syslog.1:2025-02-20T11:15:52.761795+05:00 ubuntu kernel: ACPI: PCI: Interrupt link LNKD configured for IRQ 0
/var/log/syslog.1:2025-02-20T11:15:52.761796+05:00 ubuntu kernel: ACPI: PCI: Interrupt link LNKD disabled
/var/log/syslog.1:2025-02-20T11:15:52.761797+05:00 ubuntu kernel: ACPI: PCI: Interrupt link LNKE configured for IRQ 0
/var/log/syslog.1:2025-02-20T11:15:52.761799+05:00 ubuntu kernel: ACPI: PCI: Interrupt link LNKE disabled
/var/log/syslog.1:2025-02-20T11:15:52.761800+05:00 ubuntu kernel: ACPI: PCI: Interrupt link LNKF configured for IRQ 0
/var/log/syslog.1:2025-02-20T11:15:52.761800+05:00 ubuntu kernel: ACPI: PCI: Interrupt link LNKF disabled
/var/log/syslog.1:2025-02-20T11:15:52.761801+05:00 ubuntu kernel: ACPI: PCI: Interrupt link LNKG configured for IRQ 0
/var/log/syslog.1:2025-02-20T11:15:52.761802+05:00 ubuntu kernel: ACPI: PCI: Interrupt link LNKG disabled
/var/log/syslog.1:2025-02-20T11:15:52.761803+05:00 ubuntu kernel: ACPI: PCI: Interrupt link LNKH configured for IRQ 0
/var/log/syslog.1:2025-02-20T11:15:52.761804+05:00 ubuntu kernel: ACPI: PCI: Interrupt link LNKH disabled
/var/log/syslog.1:2025-02-20T11:15:52.761804+05:00 ubuntu kernel: ACPI: EC: interrupt unblocked
/var/log/syslog.1:2025-02-20T11:15:52.761805+05:00 ubuntu kernel: ACPI: EC: event unblocked
/var/log/syslog.1:2025-02-20T11:15:52.761806+05:00 ubuntu kernel: ACPI: EC: EC_CMD/EC_SC=0x66, EC_DATA=0x62
/var/log/syslog.1:2025-02-20T11:15:52.761806+05:00 ubuntu kernel: ACPI: EC: GPE=0x3
/var/log/syslog.1:2025-02-20T11:15:52.761807+05:00 ubuntu kernel: ACPI: \_SB_.PCI0.LPC0.EC0_: Boot DSDT EC initialization complete
/var/log/syslog.1:2025-02-20T11:15:52.761808+05:00 ubuntu kernel: ACPI: \_SB_.PCI0.LPC0.EC0_: EC: Used to handle transactions and events
/var/log/syslog.1:2025-02-20T11:15:52.761961+05:00 ubuntu kernel: ACPI: bus type USB registered
/var/log/syslog.1:2025-02-20T11:15:52.761976+05:00 ubuntu kernel: PCI: Using ACPI for IRQ routing
/var/log/syslog.1:2025-02-20T11:15:52.761996+05:00 ubuntu kernel: pnp: PnP ACPI init
/var/log/syslog.1:2025-02-20T11:15:52.762012+05:00 ubuntu kernel: pnp: PnP ACPI: found 5 devices
/var/log/syslog.1:2025-02-20T11:15:52.762015+05:00 ubuntu kernel: clocksource: acpi_pm: mask: 0xffffff max_cycles: 0xffffff, max_idle_ns: 2085701024 ns
/var/log/syslog.1:2025-02-20T11:15:52.762410+05:00 ubuntu kernel: ACPI: AC: AC Adapter [ADP0] (off-line)
/var/log/syslog.1:2025-02-20T11:15:52.762412+05:00 ubuntu kernel: ACPI: button: Lid Switch [LID]
/var/log/syslog.1:2025-02-20T11:15:52.762414+05:00 ubuntu kernel: ACPI: button: Power Button [PWRB]
/var/log/syslog.1:2025-02-20T11:15:52.762416+05:00 ubuntu kernel: ACPI: button: Power Button [PWRF]
/var/log/syslog.1:2025-02-20T11:15:52.762417+05:00 ubuntu kernel: ACPI: \_PR_.C000: Found 2 idle states
/var/log/syslog.1:2025-02-20T11:15:52.762419+05:00 ubuntu kernel: ACPI: \_PR_.C001: Found 2 idle states
/var/log/syslog.1:2025-02-20T11:15:52.762419+05:00 ubuntu kernel: ACPI: \_PR_.C002: Found 2 idle states
/var/log/syslog.1:2025-02-20T11:15:52.762420+05:00 ubuntu kernel: ACPI: \_PR_.C003: Found 2 idle states
/var/log/syslog.1:2025-02-20T11:15:52.762421+05:00 ubuntu kernel: ACPI: \_PR_.C004: Found 2 idle states
/var/log/syslog.1:2025-02-20T11:15:52.762422+05:00 ubuntu kernel: ACPI: \_PR_.C005: Found 2 idle states
/var/log/syslog.1:2025-02-20T11:15:52.762423+05:00 ubuntu kernel: ACPI: \_PR_.C006: Found 2 idle states
/var/log/syslog.1:2025-02-20T11:15:52.762424+05:00 ubuntu kernel: ACPI: \_PR_.C007: Found 2 idle states
/var/log/syslog.1:2025-02-20T11:15:52.762433+05:00 ubuntu kernel: ACPI: bus type drm_connector registered
/var/log/syslog.1:2025-02-20T11:15:52.762462+05:00 ubuntu kernel: amd_pstate: the _CPC object is not present in SBIOS or ACPI disabled
/var/log/syslog.1:2025-02-20T11:15:52.762678+05:00 ubuntu kernel: ACPI: battery: Slot [BAT0] (battery present)
/var/log/syslog.1:2025-02-20T11:15:52.762712+05:00 ubuntu kernel: acpi_cpufreq: overriding BIOS provided _PSD data
/var/log/syslog.1:2025-02-20T11:15:52.762960+05:00 ubuntu kernel: ACPI: video: Video Device [VGA] (multi-head: yes  rom: no  post: no)
/var/log/syslog.1:2025-02-20T11:15:52.762964+05:00 ubuntu kernel: ACPI: video: Video Device [VGA1] (multi-head: yes  rom: no  post: no)
/var/log/syslog.1:2025-02-20T11:15:52.762966+05:00 ubuntu kernel: ACPI: video: Video Device [VGA2] (multi-head: yes  rom: no  post: no)
/var/log/syslog.1:2025-02-20T11:15:52.763171+05:00 ubuntu sensors[1092]: BAT0-acpi-0
/var/log/syslog.1:2025-02-20T11:15:52.763180+05:00 ubuntu sensors[1092]: Adapter: ACPI interface
/var/log/syslog.1:2025-02-20T11:15:52.763785+05:00 ubuntu kernel: ideapad_acpi VPC2004:00: Keyboard backlight control not available
/var/log/syslog.1:2025-02-20T11:15:52.763788+05:00 ubuntu kernel: ideapad_acpi VPC2004:00: DYTC interface is not available
/var/log/syslog.1:2025-02-20T11:15:52.868710+05:00 ubuntu NetworkManager[1134]: <info>  [1740032152.8686] rfkill0: found Wi-Fi radio killswitch (at /sys/devices/pci0000:00/0000:00:14.3/PNP0C09:00/VPC2004:00/rfkill/rfkill0) (platform driver ideapad_acpi)
/var/log/syslog.1:2025-02-20T11:16:15.137269+05:00 ubuntu kernel: ACPI BIOS Error (bug): Could not resolve symbol [^^^PB2.VGA.AFN2], AE_NOT_FOUND (20230628/psargs-330)
/var/log/syslog.1:2025-02-20T11:16:15.137312+05:00 ubuntu kernel: ACPI Error: Aborting method \_SB.PCI0.LPC0.EC0._Q1E due to previous error (AE_NOT_FOUND) (20230628/psparse-529)
/var/log/syslog.1:2025-02-20T12:59:55.486372+05:00 ubuntu kernel: ACPI: EC: interrupt blocked
/var/log/syslog.1:2025-02-20T12:59:55.486373+05:00 ubuntu kernel: ACPI: PM: Preparing to enter system sleep state S3
/var/log/syslog.1:2025-02-20T12:59:55.486374+05:00 ubuntu kernel: ACPI: EC: event blocked
/var/log/syslog.1:2025-02-20T12:59:55.486374+05:00 ubuntu kernel: ACPI: EC: EC stopped
/var/log/syslog.1:2025-02-20T12:59:55.486375+05:00 ubuntu kernel: ACPI: PM: Saving platform NVS memory
/var/log/syslog.1:2025-02-20T12:59:55.486383+05:00 ubuntu kernel: ACPI: PM: Low-level resume complete
/var/log/syslog.1:2025-02-20T12:59:55.486384+05:00 ubuntu kernel: ACPI: EC: EC started
/var/log/syslog.1:2025-02-20T12:59:55.486385+05:00 ubuntu kernel: ACPI: PM: Restoring platform NVS memory
/var/log/syslog.1:2025-02-20T12:59:55.486389+05:00 ubuntu kernel: ACPI: \_PR_.C001: Found 2 idle states
/var/log/syslog.1:2025-02-20T12:59:55.486392+05:00 ubuntu kernel: ACPI: \_PR_.C002: Found 2 idle states
/var/log/syslog.1:2025-02-20T12:59:55.486394+05:00 ubuntu kernel: ACPI: \_PR_.C003: Found 2 idle states
/var/log/syslog.1:2025-02-20T12:59:55.486397+05:00 ubuntu kernel: ACPI: \_PR_.C004: Found 2 idle states
/var/log/syslog.1:2025-02-20T12:59:55.486399+05:00 ubuntu kernel: ACPI: \_PR_.C005: Found 2 idle states
/var/log/syslog.1:2025-02-20T12:59:55.486402+05:00 ubuntu kernel: ACPI: \_PR_.C006: Found 2 idle states
/var/log/syslog.1:2025-02-20T12:59:55.486405+05:00 ubuntu kernel: ACPI: \_PR_.C007: Found 2 idle states
/var/log/syslog.1:2025-02-20T12:59:55.486409+05:00 ubuntu kernel: ACPI: PM: Waking up from system sleep state S3
/var/log/syslog.1:2025-02-20T12:59:55.486410+05:00 ubuntu kernel: ACPI: EC: interrupt unblocked
/var/log/syslog.1:2025-02-20T12:59:55.486411+05:00 ubuntu kernel: ACPI: EC: event unblocked
/var/log/syslog.1:2025-02-20T13:03:44.863972+05:00 ubuntu kernel: BIOS-e820: [mem 0x0000000009f00000-0x0000000009f09fff] ACPI NVS
/var/log/syslog.1:2025-02-20T13:03:44.863980+05:00 ubuntu kernel: BIOS-e820: [mem 0x000000009eebf000-0x000000009f7befff] ACPI NVS
/var/log/syslog.1:2025-02-20T13:03:44.863981+05:00 ubuntu kernel: BIOS-e820: [mem 0x000000009f7bf000-0x000000009f7fefff] ACPI data
/var/log/syslog.1:2025-02-20T13:03:44.864025+05:00 ubuntu kernel: reserve setup_data: [mem 0x0000000009f00000-0x0000000009f09fff] ACPI NVS
/var/log/syslog.1:2025-02-20T13:03:44.864048+05:00 ubuntu kernel: reserve setup_data: [mem 0x000000009eebf000-0x000000009f7befff] ACPI NVS
/var/log/syslog.1:2025-02-20T13:03:44.864049+05:00 ubuntu kernel: reserve setup_data: [mem 0x000000009f7bf000-0x000000009f7fefff] ACPI data
/var/log/syslog.1:2025-02-20T13:03:44.864069+05:00 ubuntu kernel: efi: ACPI=0x9f7fe000 ACPI 2.0=0x9f7fe014 SMBIOS=0x96bc4000 SMBIOS 3.0=0x96bc2000 ESRT=0x96bc5b98 TPMFinalLog=0x9ede1000 MEMATTR=0x8b5cb198 MOKvar=0x96bb9000 INITRD=0x83ebe598 RNG=0x9f7c6018 TPMEventLog=0x802ca018 
/var/log/syslog.1:2025-02-20T13:03:44.864165+05:00 ubuntu kernel: ACPI: Early table checksum verification disabled
/var/log/syslog.1:2025-02-20T13:03:44.864166+05:00 ubuntu kernel: ACPI: RSDP 0x000000009F7FE014 000024 (v02 LENOVO)
/var/log/syslog.1:2025-02-20T13:03:44.864167+05:00 ubuntu kernel: ACPI: XSDT 0x000000009F7CE188 0000EC (v01 LENOVO CB-01    00000001      01000013)
/var/log/syslog.1:2025-02-20T13:03:44.864333+05:00 ubuntu kernel: ACPI: FACP 0x000000009F7F3000 00010C (v05 LENOVO CB-01    00000001 ACPI 00040000)
/var/log/syslog.1:2025-02-20T13:03:44.864334+05:00 ubuntu kernel: ACPI: DSDT 0x000000009F7E9000 0060FE (v01 LENOVO CB-01    00000001 ACPI 00040000)
/var/log/syslog.1:2025-02-20T13:03:44.864335+05:00 ubuntu kernel: ACPI: FACS 0x000000009F39B000 000040
/var/log/syslog.1:2025-02-20T13:03:44.864341+05:00 ubuntu kernel: ACPI: UEFI 0x000000009F7FD000 000236 (v01 LENOVO CB-01    00000001 ACPI 00040000)
/var/log/syslog.1:2025-02-20T13:03:44.864371+05:00 ubuntu kernel: ACPI: SSDT 0x000000009F7F7000 00533D (v02 LENOVO CB-01    00000001 ACPI 00040000)
/var/log/syslog.1:2025-02-20T13:03:44.864372+05:00 ubuntu kernel: ACPI: MSDM 0x000000009F7F6000 000055 (v03 LENOVO CB-01    00000001 ACPI 00040000)
/var/log/syslog.1:2025-02-20T13:03:44.864373+05:00 ubuntu kernel: ACPI: ASF! 0x000000009F7F5000 0000A5 (v32 LENOVO CB-01    00000001 ACPI 00040000)
/var/log/syslog.1:2025-02-20T13:03:44.864374+05:00 ubuntu kernel: ACPI: BOOT 0x000000009F7F4000 000028 (v01 LENOVO CB-01    00000001 ACPI 00040000)
/var/log/syslog.1:2025-02-20T13:03:44.864375+05:00 ubuntu kernel: ACPI: HPET 0x000000009F7F2000 000038 (v01 LENOVO CB-01    00000001 ACPI 00040000)
/var/log/syslog.1:2025-02-20T13:03:44.864379+05:00 ubuntu kernel: ACPI: APIC 0x000000009F7F1000 000138 (v03 LENOVO CB-01    00000001 ACPI 00040000)
/var/log/syslog.1:2025-02-20T13:03:44.864380+05:00 ubuntu kernel: ACPI: MCFG 0x000000009F7F0000 00003C (v01 LENOVO CB-01    00000001 ACPI 00040000)
/var/log/syslog.1:2025-02-20T13:03:44.864381+05:00 ubuntu kernel: ACPI: SSDT 0x000000009F7E7000 00119C (v01 LENOVO CB-01    00000001 ACPI 00040000)
/var/log/syslog.1:2025-02-20T13:03:44.864382+05:00 ubuntu kernel: ACPI: CRAT 0x000000009F7E6000 000838 (v01 LENOVO CB-01    00000001 ACPI 00040000)
/var/log/syslog.1:2025-02-20T13:03:44.864383+05:00 ubuntu kernel: ACPI: CDIT 0x000000009F7E5000 000029 (v01 LENOVO CB-01    00000001 ACPI 00040000)
/var/log/syslog.1:2025-02-20T13:03:44.864384+05:00 ubuntu kernel: ACPI: UEFI 0x000000009F7E4000 000042 (v01 LENOVO CB-01    00000001 ACPI 00040000)
/var/log/syslog.1:2025-02-20T13:03:44.864388+05:00 ubuntu kernel: ACPI: VFCT 0x000000009F7D6000 00D484 (v01 LENOVO CB-01    00000001 ACPI 00040000)
/var/log/syslog.1:2025-02-20T13:03:44.864389+05:00 ubuntu kernel: ACPI: SSDT 0x000000009F7D5000 00046D (v01 LENOVO CB-01    00000001 ACPI 00040000)
/var/log/syslog.1:2025-02-20T13:03:44.864390+05:00 ubuntu kernel: ACPI: TPM2 0x000000009F7D4000 000034 (v04 LENOVO CB-01    00000001 ACPI 00040000)
/var/log/syslog.1:2025-02-20T13:03:44.864391+05:00 ubuntu kernel: ACPI: IVRS 0x000000009F7D3000 0000D0 (v02 LENOVO CB-01    00000001 ACPI 00040000)
/var/log/syslog.1:2025-02-20T13:03:44.864392+05:00 ubuntu kernel: ACPI: SSDT 0x000000009F7D2000 000AC1 (v01 LENOVO CB-01    00000001 ACPI 00040000)
/var/log/syslog.1:2025-02-20T13:03:44.864393+05:00 ubuntu kernel: ACPI: SSDT 0x000000009F7D0000 001124 (v01 LENOVO CB-01    00000001 ACPI 00040000)
/var/log/syslog.1:2025-02-20T13:03:44.864394+05:00 ubuntu kernel: ACPI: SSDT 0x000000009F7CF000 000050 (v01 LENOVO CB-01    00000001 ACPI 00040000)
/var/log/syslog.1:2025-02-20T13:03:44.864398+05:00 ubuntu kernel: ACPI: SSDT 0x000000009F7CC000 00107C (v01 LENOVO CB-01    00000001 ACPI 00040000)
/var/log/syslog.1:2025-02-20T13:03:44.864399+05:00 ubuntu kernel: ACPI: SSDT 0x000000009F7CB000 000086 (v01 LENOVO CB-01    00000001 ACPI 00040000)
/var/log/syslog.1:2025-02-20T13:03:44.864400+05:00 ubuntu kernel: ACPI: SSDT 0x000000009F7C9000 001A41 (v01 LENOVO CB-01    00000001 ACPI 00040000)
/var/log/syslog.1:2025-02-20T13:03:44.864401+05:00 ubuntu kernel: ACPI: FPDT 0x000000009F7C8000 000044 (v01 LENOVO CB-01    00000001 ACPI 00040000)
/var/log/syslog.1:2025-02-20T13:03:44.864402+05:00 ubuntu kernel: ACPI: BGRT 0x000000009F7C7000 000038 (v01 LENOVO CB-01    00000001 ACPI 00040000)
/var/log/syslog.1:2025-02-20T13:03:44.864402+05:00 ubuntu kernel: ACPI: Reserving FACP table memory at [mem 0x9f7f3000-0x9f7f310b]
/var/log/syslog.1:2025-02-20T13:03:44.864408+05:00 ubuntu kernel: ACPI: Reserving DSDT table memory at [mem 0x9f7e9000-0x9f7ef0fd]
/var/log/syslog.1:2025-02-20T13:03:44.864409+05:00 ubuntu kernel: ACPI: Reserving FACS table memory at [mem 0x9f39b000-0x9f39b03f]
/var/log/syslog.1:2025-02-20T13:03:44.864410+05:00 ubuntu kernel: ACPI: Reserving UEFI table memory at [mem 0x9f7fd000-0x9f7fd235]
/var/log/syslog.1:2025-02-20T13:03:44.864411+05:00 ubuntu kernel: ACPI: Reserving SSDT table memory at [mem 0x9f7f7000-0x9f7fc33c]
/var/log/syslog.1:2025-02-20T13:03:44.864412+05:00 ubuntu kernel: ACPI: Reserving MSDM table memory at [mem 0x9f7f6000-0x9f7f6054]
/var/log/syslog.1:2025-02-20T13:03:44.864413+05:00 ubuntu kernel: ACPI: Reserving ASF! table memory at [mem 0x9f7f5000-0x9f7f50a4]
/var/log/syslog.1:2025-02-20T13:03:44.864413+05:00 ubuntu kernel: ACPI: Reserving BOOT table memory at [mem 0x9f7f4000-0x9f7f4027]
/var/log/syslog.1:2025-02-20T13:03:44.864418+05:00 ubuntu kernel: ACPI: Reserving HPET table memory at [mem 0x9f7f2000-0x9f7f2037]
/var/log/syslog.1:2025-02-20T13:03:44.864419+05:00 ubuntu kernel: ACPI: Reserving APIC table memory at [mem 0x9f7f1000-0x9f7f1137]
/var/log/syslog.1:2025-02-20T13:03:44.864420+05:00 ubuntu kernel: ACPI: Reserving MCFG table memory at [mem 0x9f7f0000-0x9f7f003b]
/var/log/syslog.1:2025-02-20T13:03:44.864421+05:00 ubuntu kernel: ACPI: Reserving SSDT table memory at [mem 0x9f7e7000-0x9f7e819b]
/var/log/syslog.1:2025-02-20T13:03:44.864422+05:00 ubuntu kernel: ACPI: Reserving CRAT table memory at [mem 0x9f7e6000-0x9f7e6837]
/var/log/syslog.1:2025-02-20T13:03:44.864422+05:00 ubuntu kernel: ACPI: Reserving CDIT table memory at [mem 0x9f7e5000-0x9f7e5028]
/var/log/syslog.1:2025-02-20T13:03:44.864427+05:00 ubuntu kernel: ACPI: Reserving UEFI table memory at [mem 0x9f7e4000-0x9f7e4041]
/var/log/syslog.1:2025-02-20T13:03:44.864428+05:00 ubuntu kernel: ACPI: Reserving VFCT table memory at [mem 0x9f7d6000-0x9f7e3483]
/var/log/syslog.1:2025-02-20T13:03:44.864429+05:00 ubuntu kernel: ACPI: Reserving SSDT table memory at [mem 0x9f7d5000-0x9f7d546c]
/var/log/syslog.1:2025-02-20T13:03:44.864430+05:00 ubuntu kernel: ACPI: Reserving TPM2 table memory at [mem 0x9f7d4000-0x9f7d4033]
/var/log/syslog.1:2025-02-20T13:03:44.864431+05:00 ubuntu kernel: ACPI: Reserving IVRS table memory at [mem 0x9f7d3000-0x9f7d30cf]
/var/log/syslog.1:2025-02-20T13:03:44.864431+05:00 ubuntu kernel: ACPI: Reserving SSDT table memory at [mem 0x9f7d2000-0x9f7d2ac0]
/var/log/syslog.1:2025-02-20T13:03:44.864440+05:00 ubuntu kernel: ACPI: Reserving SSDT table memory at [mem 0x9f7d0000-0x9f7d1123]
/var/log/syslog.1:2025-02-20T13:03:44.864441+05:00 ubuntu kernel: ACPI: Reserving SSDT table memory at [mem 0x9f7cf000-0x9f7cf04f]
/var/log/syslog.1:2025-02-20T13:03:44.864442+05:00 ubuntu kernel: ACPI: Reserving SSDT table memory at [mem 0x9f7cc000-0x9f7cd07b]
/var/log/syslog.1:2025-02-20T13:03:44.864443+05:00 ubuntu kernel: ACPI: Reserving SSDT table memory at [mem 0x9f7cb000-0x9f7cb085]
/var/log/syslog.1:2025-02-20T13:03:44.864446+05:00 ubuntu kernel: ACPI: Reserving SSDT table memory at [mem 0x9f7c9000-0x9f7caa40]
/var/log/syslog.1:2025-02-20T13:03:44.864447+05:00 ubuntu kernel: ACPI: Reserving FPDT table memory at [mem 0x9f7c8000-0x9f7c8043]
/var/log/syslog.1:2025-02-20T13:03:44.864448+05:00 ubuntu kernel: ACPI: Reserving BGRT table memory at [mem 0x9f7c7000-0x9f7c7037]
/var/log/syslog.1:2025-02-20T13:03:44.864521+05:00 ubuntu kernel: ACPI: PM-Timer IO Port: 0x408
/var/log/syslog.1:2025-02-20T13:03:44.864522+05:00 ubuntu kernel: ACPI: LAPIC_NMI (acpi_id[0x00] high edge lint[0x1])
/var/log/syslog.1:2025-02-20T13:03:44.864523+05:00 ubuntu kernel: ACPI: LAPIC_NMI (acpi_id[0x01] high edge lint[0x1])
/var/log/syslog.1:2025-02-20T13:03:44.864524+05:00 ubuntu kernel: ACPI: LAPIC_NMI (acpi_id[0x02] high edge lint[0x1])
/var/log/syslog.1:2025-02-20T13:03:44.864528+05:00 ubuntu kernel: ACPI: LAPIC_NMI (acpi_id[0x03] high edge lint[0x1])
/var/log/syslog.1:2025-02-20T13:03:44.864529+05:00 ubuntu kernel: ACPI: LAPIC_NMI (acpi_id[0x04] high edge lint[0x1])
/var/log/syslog.1:2025-02-20T13:03:44.864530+05:00 ubuntu kernel: ACPI: LAPIC_NMI (acpi_id[0x05] high edge lint[0x1])
/var/log/syslog.1:2025-02-20T13:03:44.864531+05:00 ubuntu kernel: ACPI: LAPIC_NMI (acpi_id[0x06] high edge lint[0x1])
/var/log/syslog.1:2025-02-20T13:03:44.864532+05:00 ubuntu kernel: ACPI: LAPIC_NMI (acpi_id[0x07] high edge lint[0x1])
/var/log/syslog.1:2025-02-20T13:03:44.864533+05:00 ubuntu kernel: ACPI: LAPIC_NMI (acpi_id[0x08] high edge lint[0x1])
/var/log/syslog.1:2025-02-20T13:03:44.864538+05:00 ubuntu kernel: ACPI: LAPIC_NMI (acpi_id[0x09] high edge lint[0x1])
/var/log/syslog.1:2025-02-20T13:03:44.864539+05:00 ubuntu kernel: ACPI: LAPIC_NMI (acpi_id[0x0a] high edge lint[0x1])
/var/log/syslog.1:2025-02-20T13:03:44.864539+05:00 ubuntu kernel: ACPI: LAPIC_NMI (acpi_id[0x0b] high edge lint[0x1])
/var/log/syslog.1:2025-02-20T13:03:44.864540+05:00 ubuntu kernel: ACPI: LAPIC_NMI (acpi_id[0x0c] high edge lint[0x1])
/var/log/syslog.1:2025-02-20T13:03:44.864541+05:00 ubuntu kernel: ACPI: LAPIC_NMI (acpi_id[0x0d] high edge lint[0x1])
/var/log/syslog.1:2025-02-20T13:03:44.864542+05:00 ubuntu kernel: ACPI: LAPIC_NMI (acpi_id[0x0e] high edge lint[0x1])
/var/log/syslog.1:2025-02-20T13:03:44.864547+05:00 ubuntu kernel: ACPI: LAPIC_NMI (acpi_id[0x0f] high edge lint[0x1])
/var/log/syslog.1:2025-02-20T13:03:44.865339+05:00 ubuntu kernel: ACPI: INT_SRC_OVR (bus 0 bus_irq 0 global_irq 2 dfl dfl)
/var/log/syslog.1:2025-02-20T13:03:44.865346+05:00 ubuntu kernel: ACPI: INT_SRC_OVR (bus 0 bus_irq 9 global_irq 9 low level)
/var/log/syslog.1:2025-02-20T13:03:44.865347+05:00 ubuntu kernel: ACPI: Using ACPI (MADT) for SMP configuration information
/var/log/syslog.1:2025-02-20T13:03:44.865348+05:00 ubuntu kernel: ACPI: HPET id: 0x10228210 base: 0xfed00000
/var/log/syslog.1:2025-02-20T13:03:44.865500+05:00 ubuntu kernel: ACPI: Core revision 20230628
/var/log/syslog.1:2025-02-20T13:03:44.865849+05:00 ubuntu kernel: ACPI: PM: Registering ACPI NVS region [mem 0x09f00000-0x09f09fff] (40960 bytes)
/var/log/syslog.1:2025-02-20T13:03:44.865851+05:00 ubuntu kernel: ACPI: PM: Registering ACPI NVS region [mem 0x9eebf000-0x9f7befff] (9437184 bytes)
/var/log/syslog.1:2025-02-20T13:03:44.865900+05:00 ubuntu kernel: acpiphp: ACPI Hot Plug PCI Controller Driver version: 0.5
/var/log/syslog.1:2025-02-20T13:03:44.865915+05:00 ubuntu kernel: ACPI: Added _OSI(Module Device)
/var/log/syslog.1:2025-02-20T13:03:44.865915+05:00 ubuntu kernel: ACPI: Added _OSI(Processor Device)
/var/log/syslog.1:2025-02-20T13:03:44.865918+05:00 ubuntu kernel: ACPI: Added _OSI(3.0 _SCP Extensions)
/var/log/syslog.1:2025-02-20T13:03:44.865925+05:00 ubuntu kernel: ACPI: Added _OSI(Processor Aggregator Device)
/var/log/syslog.1:2025-02-20T13:03:44.865928+05:00 ubuntu kernel: ACPI: [Firmware Bug]: BIOS _OSI(Linux) query ignored
/var/log/syslog.1:2025-02-20T13:03:44.865928+05:00 ubuntu kernel: ACPI BIOS Error (bug): Could not resolve symbol [\_SB.PCI0.GPP0.SWUS], AE_NOT_FOUND (20230628/dswload2-162)
/var/log/syslog.1:2025-02-20T13:03:44.865930+05:00 ubuntu kernel: ACPI Error: AE_NOT_FOUND, During name lookup/catalog (20230628/psobject-220)
/var/log/syslog.1:2025-02-20T13:03:44.865931+05:00 ubuntu kernel: ACPI: Skipping parse of AML opcode: Scope (0x0010)
/var/log/syslog.1:2025-02-20T13:03:44.865931+05:00 ubuntu kernel: ACPI BIOS Error (bug): Could not resolve symbol [\_SB.PCI0.GPP0.SWUS.SWDS], AE_NOT_FOUND (20230628/dswload2-162)
/var/log/syslog.1:2025-02-20T13:03:44.865940+05:00 ubuntu kernel: ACPI Error: AE_NOT_FOUND, During name lookup/catalog (20230628/psobject-220)
/var/log/syslog.1:2025-02-20T13:03:44.865942+05:00 ubuntu kernel: ACPI: Skipping parse of AML opcode: Scope (0x0010)
/var/log/syslog.1:2025-02-20T13:03:44.865945+05:00 ubuntu kernel: ACPI: 10 ACPI AML tables successfully acquired and loaded
/var/log/syslog.1:2025-02-20T13:03:44.865946+05:00 ubuntu kernel: ACPI: _OSC evaluation for CPUs failed, trying _PDC
/var/log/syslog.1:2025-02-20T13:03:44.865947+05:00 ubuntu kernel: ACPI: EC: EC started
/var/log/syslog.1:2025-02-20T13:03:44.865948+05:00 ubuntu kernel: ACPI: EC: interrupt blocked
/var/log/syslog.1:2025-02-20T13:03:44.865949+05:00 ubuntu kernel: ACPI: EC: EC_CMD/EC_SC=0x66, EC_DATA=0x62
/var/log/syslog.1:2025-02-20T13:03:44.865957+05:00 ubuntu kernel: ACPI: \_SB_.PCI0.LPC0.EC0_: Boot DSDT EC used to handle transactions
/var/log/syslog.1:2025-02-20T13:03:44.865958+05:00 ubuntu kernel: ACPI: Interpreter enabled
/var/log/syslog.1:2025-02-20T13:03:44.865959+05:00 ubuntu kernel: ACPI: PM: (supports S0 S3 S4 S5)
/var/log/syslog.1:2025-02-20T13:03:44.865960+05:00 ubuntu kernel: ACPI: Using IOAPIC for interrupt routing
/var/log/syslog.1:2025-02-20T13:03:44.865961+05:00 ubuntu kernel: PCI: Using host bridge windows from ACPI; if necessary, use "pci=nocrs" and report a bug
/var/log/syslog.1:2025-02-20T13:03:44.865970+05:00 ubuntu kernel: ACPI: Enabled 3 GPEs in block 00 to 1F
/var/log/syslog.1:2025-02-20T13:03:44.865971+05:00 ubuntu kernel: ACPI: \_SB_.PCI0.GPP0.M237: New power resource
/var/log/syslog.1:2025-02-20T13:03:44.865973+05:00 ubuntu kernel: ACPI: \_SB_.P0ST: New power resource
/var/log/syslog.1:2025-02-20T13:03:44.865973+05:00 ubuntu kernel: ACPI: \_SB_.P3ST: New power resource
/var/log/syslog.1:2025-02-20T13:03:44.865974+05:00 ubuntu kernel: ACPI: PCI Root Bridge [PCI0] (domain 0000 [bus 00-ff])
/var/log/syslog.1:2025-02-20T13:03:44.865975+05:00 ubuntu kernel: acpi PNP0A08:00: _OSC: OS supports [ExtendedConfig ASPM ClockPM Segments MSI EDR HPX-Type3]
/var/log/syslog.1:2025-02-20T13:03:44.865988+05:00 ubuntu kernel: acpi PNP0A08:00: _OSC: platform does not support [SHPCHotplug LTR DPC]
/var/log/syslog.1:2025-02-20T13:03:44.865989+05:00 ubuntu kernel: acpi PNP0A08:00: _OSC: OS now controls [PCIeHotplug PME AER PCIeCapability]
/var/log/syslog.1:2025-02-20T13:03:44.865990+05:00 ubuntu kernel: acpi PNP0A08:00: [Firmware Info]: ECAM [mem 0xf8000000-0xfbffffff] for domain 0000 [bus 00-3f] only partially covers this bridge
/var/log/syslog.1:2025-02-20T13:03:44.866444+05:00 ubuntu kernel: ACPI: PCI: Interrupt link LNKA configured for IRQ 0
/var/log/syslog.1:2025-02-20T13:03:44.866454+05:00 ubuntu kernel: ACPI: PCI: Interrupt link LNKA disabled
/var/log/syslog.1:2025-02-20T13:03:44.866455+05:00 ubuntu kernel: ACPI: PCI: Interrupt link LNKB configured for IRQ 0
/var/log/syslog.1:2025-02-20T13:03:44.866456+05:00 ubuntu kernel: ACPI: PCI: Interrupt link LNKB disabled
/var/log/syslog.1:2025-02-20T13:03:44.866457+05:00 ubuntu kernel: ACPI: PCI: Interrupt link LNKC configured for IRQ 0
/var/log/syslog.1:2025-02-20T13:03:44.866458+05:00 ubuntu kernel: ACPI: PCI: Interrupt link LNKC disabled
/var/log/syslog.1:2025-02-20T13:03:44.866459+05:00 ubuntu kernel: ACPI: PCI: Interrupt link LNKD configured for IRQ 0
/var/log/syslog.1:2025-02-20T13:03:44.866468+05:00 ubuntu kernel: ACPI: PCI: Interrupt link LNKD disabled
/var/log/syslog.1:2025-02-20T13:03:44.866469+05:00 ubuntu kernel: ACPI: PCI: Interrupt link LNKE configured for IRQ 0
/var/log/syslog.1:2025-02-20T13:03:44.866471+05:00 ubuntu kernel: ACPI: PCI: Interrupt link LNKE disabled
/var/log/syslog.1:2025-02-20T13:03:44.866471+05:00 ubuntu kernel: ACPI: PCI: Interrupt link LNKF configured for IRQ 0
/var/log/syslog.1:2025-02-20T13:03:44.866472+05:00 ubuntu kernel: ACPI: PCI: Interrupt link LNKF disabled
/var/log/syslog.1:2025-02-20T13:03:44.866473+05:00 ubuntu kernel: ACPI: PCI: Interrupt link LNKG configured for IRQ 0
/var/log/syslog.1:2025-02-20T13:03:44.866474+05:00 ubuntu kernel: ACPI: PCI: Interrupt link LNKG disabled
/var/log/syslog.1:2025-02-20T13:03:44.866482+05:00 ubuntu kernel: ACPI: PCI: Interrupt link LNKH configured for IRQ 0
/var/log/syslog.1:2025-02-20T13:03:44.866483+05:00 ubuntu kernel: ACPI: PCI: Interrupt link LNKH disabled
/var/log/syslog.1:2025-02-20T13:03:44.866485+05:00 ubuntu kernel: ACPI: EC: interrupt unblocked
/var/log/syslog.1:2025-02-20T13:03:44.866486+05:00 ubuntu kernel: ACPI: EC: event unblocked
/var/log/syslog.1:2025-02-20T13:03:44.866487+05:00 ubuntu kernel: ACPI: EC: EC_CMD/EC_SC=0x66, EC_DATA=0x62
/var/log/syslog.1:2025-02-20T13:03:44.866488+05:00 ubuntu kernel: ACPI: EC: GPE=0x3
/var/log/syslog.1:2025-02-20T13:03:44.866497+05:00 ubuntu kernel: ACPI: \_SB_.PCI0.LPC0.EC0_: Boot DSDT EC initialization complete
/var/log/syslog.1:2025-02-20T13:03:44.866499+05:00 ubuntu kernel: ACPI: \_SB_.PCI0.LPC0.EC0_: EC: Used to handle transactions and events
/var/log/syslog.1:2025-02-20T13:03:44.866676+05:00 ubuntu kernel: ACPI: bus type USB registered
/var/log/syslog.1:2025-02-20T13:03:44.866717+05:00 ubuntu kernel: PCI: Using ACPI for IRQ routing
/var/log/syslog.1:2025-02-20T13:03:44.866766+05:00 ubuntu kernel: pnp: PnP ACPI init
/var/log/syslog.1:2025-02-20T13:03:44.866809+05:00 ubuntu kernel: pnp: PnP ACPI: found 5 devices
/var/log/syslog.1:2025-02-20T13:03:44.866810+05:00 ubuntu kernel: clocksource: acpi_pm: mask: 0xffffff max_cycles: 0xffffff, max_idle_ns: 2085701024 ns
/var/log/syslog.1:2025-02-20T13:03:44.868747+05:00 ubuntu sensors[1100]: BAT0-acpi-0
/var/log/syslog.1:2025-02-20T13:03:44.868761+05:00 ubuntu sensors[1100]: Adapter: ACPI interface
/var/log/syslog.1:2025-02-20T13:03:44.868973+05:00 ubuntu kernel: ACPI: AC: AC Adapter [ADP0] (off-line)
/var/log/syslog.1:2025-02-20T13:03:44.868974+05:00 ubuntu kernel: ACPI: button: Lid Switch [LID]
/var/log/syslog.1:2025-02-20T13:03:44.868983+05:00 ubuntu kernel: ACPI: button: Power Button [PWRB]
/var/log/syslog.1:2025-02-20T13:03:44.868987+05:00 ubuntu kernel: ACPI: button: Power Button [PWRF]
/var/log/syslog.1:2025-02-20T13:03:44.868989+05:00 ubuntu kernel: ACPI: \_PR_.C000: Found 2 idle states
/var/log/syslog.1:2025-02-20T13:03:44.868990+05:00 ubuntu kernel: ACPI: \_PR_.C001: Found 2 idle states
/var/log/syslog.1:2025-02-20T13:03:44.868998+05:00 ubuntu kernel: ACPI: \_PR_.C002: Found 2 idle states
/var/log/syslog.1:2025-02-20T13:03:44.868999+05:00 ubuntu kernel: ACPI: \_PR_.C003: Found 2 idle states
/var/log/syslog.1:2025-02-20T13:03:44.869000+05:00 ubuntu kernel: ACPI: \_PR_.C004: Found 2 idle states
/var/log/syslog.1:2025-02-20T13:03:44.869001+05:00 ubuntu kernel: ACPI: \_PR_.C005: Found 2 idle states
/var/log/syslog.1:2025-02-20T13:03:44.869002+05:00 ubuntu kernel: ACPI: \_PR_.C006: Found 2 idle states
/var/log/syslog.1:2025-02-20T13:03:44.869003+05:00 ubuntu kernel: ACPI: \_PR_.C007: Found 2 idle states
/var/log/syslog.1:2025-02-20T13:03:44.869017+05:00 ubuntu kernel: ACPI: bus type drm_connector registered
/var/log/syslog.1:2025-02-20T13:03:44.869104+05:00 ubuntu kernel: amd_pstate: the _CPC object is not present in SBIOS or ACPI disabled
/var/log/syslog.1:2025-02-20T13:03:44.869373+05:00 ubuntu kernel: ACPI: battery: Slot [BAT0] (battery present)
/var/log/syslog.1:2025-02-20T13:03:44.869694+05:00 ubuntu kernel: acpi_cpufreq: overriding BIOS provided _PSD data
/var/log/syslog.1:2025-02-20T13:03:44.869724+05:00 ubuntu kernel: ACPI: video: Video Device [VGA] (multi-head: yes  rom: no  post: no)
/var/log/syslog.1:2025-02-20T13:03:44.869733+05:00 ubuntu kernel: ACPI: video: Video Device [VGA1] (multi-head: yes  rom: no  post: no)
/var/log/syslog.1:2025-02-20T13:03:44.869735+05:00 ubuntu kernel: ACPI: video: Video Device [VGA2] (multi-head: yes  rom: no  post: no)
/var/log/syslog.1:2025-02-20T13:03:44.871529+05:00 ubuntu kernel: ideapad_acpi VPC2004:00: Keyboard backlight control not available
/var/log/syslog.1:2025-02-20T13:03:44.871532+05:00 ubuntu kernel: ideapad_acpi VPC2004:00: DYTC interface is not available
/var/log/syslog.1:2025-02-20T13:03:45.035858+05:00 ubuntu NetworkManager[1157]: <info>  [1740038625.0357] rfkill0: found Wi-Fi radio killswitch (at /sys/devices/pci0000:00/0000:00:14.3/PNP0C09:00/VPC2004:00/rfkill/rfkill0) (platform driver ideapad_acpi)
/var/log/syslog.1:2025-02-20T14:21:50.058610+05:00 ubuntu sensors[1099]: BAT0-acpi-0
/var/log/syslog.1:2025-02-20T14:21:50.058618+05:00 ubuntu sensors[1099]: Adapter: ACPI interface
/var/log/syslog.1:2025-02-20T14:21:50.066119+05:00 ubuntu kernel: BIOS-e820: [mem 0x0000000009f00000-0x0000000009f09fff] ACPI NVS
/var/log/syslog.1:2025-02-20T14:21:50.066127+05:00 ubuntu kernel: BIOS-e820: [mem 0x000000009eebf000-0x000000009f7befff] ACPI NVS
/var/log/syslog.1:2025-02-20T14:21:50.066128+05:00 ubuntu kernel: BIOS-e820: [mem 0x000000009f7bf000-0x000000009f7fefff] ACPI data
/var/log/syslog.1:2025-02-20T14:21:50.066175+05:00 ubuntu kernel: reserve setup_data: [mem 0x0000000009f00000-0x0000000009f09fff] ACPI NVS
/var/log/syslog.1:2025-02-20T14:21:50.066194+05:00 ubuntu kernel: reserve setup_data: [mem 0x000000009eebf000-0x000000009f7befff] ACPI NVS
/var/log/syslog.1:2025-02-20T14:21:50.066194+05:00 ubuntu kernel: reserve setup_data: [mem 0x000000009f7bf000-0x000000009f7fefff] ACPI data
/var/log/syslog.1:2025-02-20T14:21:50.066214+05:00 ubuntu kernel: efi: ACPI=0x9f7fe000 ACPI 2.0=0x9f7fe014 SMBIOS=0x96bc4000 SMBIOS 3.0=0x96bc2000 ESRT=0x96bc5b98 TPMFinalLog=0x9ede1000 MEMATTR=0x8b5cb198 MOKvar=0x96bb9000 INITRD=0x83ebe598 RNG=0x9f7c6018 TPMEventLog=0x802ca018 
/var/log/syslog.1:2025-02-20T14:21:50.066847+05:00 ubuntu kernel: ACPI: Early table checksum verification disabled
/var/log/syslog.1:2025-02-20T14:21:50.066851+05:00 ubuntu kernel: ACPI: RSDP 0x000000009F7FE014 000024 (v02 LENOVO)
/var/log/syslog.1:2025-02-20T14:21:50.066853+05:00 ubuntu kernel: ACPI: XSDT 0x000000009F7CE188 0000EC (v01 LENOVO CB-01    00000001      01000013)
/var/log/syslog.1:2025-02-20T14:21:50.067065+05:00 ubuntu kernel: ACPI: FACP 0x000000009F7F3000 00010C (v05 LENOVO CB-01    00000001 ACPI 00040000)
/var/log/syslog.1:2025-02-20T14:21:50.067068+05:00 ubuntu kernel: ACPI: DSDT 0x000000009F7E9000 0060FE (v01 LENOVO CB-01    00000001 ACPI 00040000)
/var/log/syslog.1:2025-02-20T14:21:50.067069+05:00 ubuntu kernel: ACPI: FACS 0x000000009F39B000 000040
/var/log/syslog.1:2025-02-20T14:21:50.067070+05:00 ubuntu kernel: ACPI: UEFI 0x000000009F7FD000 000236 (v01 LENOVO CB-01    00000001 ACPI 00040000)
/var/log/syslog.1:2025-02-20T14:21:50.067077+05:00 ubuntu kernel: ACPI: SSDT 0x000000009F7F7000 00533D (v02 LENOVO CB-01    00000001 ACPI 00040000)
/var/log/syslog.1:2025-02-20T14:21:50.067078+05:00 ubuntu kernel: ACPI: MSDM 0x000000009F7F6000 000055 (v03 LENOVO CB-01    00000001 ACPI 00040000)
/var/log/syslog.1:2025-02-20T14:21:50.067079+05:00 ubuntu kernel: ACPI: ASF! 0x000000009F7F5000 0000A5 (v32 LENOVO CB-01    00000001 ACPI 00040000)
/var/log/syslog.1:2025-02-20T14:21:50.067080+05:00 ubuntu kernel: ACPI: BOOT 0x000000009F7F4000 000028 (v01 LENOVO CB-01    00000001 ACPI 00040000)
/var/log/syslog.1:2025-02-20T14:21:50.067081+05:00 ubuntu kernel: ACPI: HPET 0x000000009F7F2000 000038 (v01 LENOVO CB-01    00000001 ACPI 00040000)
/var/log/syslog.1:2025-02-20T14:21:50.067082+05:00 ubuntu kernel: ACPI: APIC 0x000000009F7F1000 000138 (v03 LENOVO CB-01    00000001 ACPI 00040000)
/var/log/syslog.1:2025-02-20T14:21:50.067087+05:00 ubuntu kernel: ACPI: MCFG 0x000000009F7F0000 00003C (v01 LENOVO CB-01    00000001 ACPI 00040000)
/var/log/syslog.1:2025-02-20T14:21:50.067088+05:00 ubuntu kernel: ACPI: SSDT 0x000000009F7E7000 00119C (v01 LENOVO CB-01    00000001 ACPI 00040000)
/var/log/syslog.1:2025-02-20T14:21:50.067089+05:00 ubuntu kernel: ACPI: CRAT 0x000000009F7E6000 000838 (v01 LENOVO CB-01    00000001 ACPI 00040000)
/var/log/syslog.1:2025-02-20T14:21:50.067090+05:00 ubuntu kernel: ACPI: CDIT 0x000000009F7E5000 000029 (v01 LENOVO CB-01    00000001 ACPI 00040000)
/var/log/syslog.1:2025-02-20T14:21:50.067090+05:00 ubuntu kernel: ACPI: UEFI 0x000000009F7E4000 000042 (v01 LENOVO CB-01    00000001 ACPI 00040000)
/var/log/syslog.1:2025-02-20T14:21:50.067091+05:00 ubuntu kernel: ACPI: VFCT 0x000000009F7D6000 00D484 (v01 LENOVO CB-01    00000001 ACPI 00040000)
/var/log/syslog.1:2025-02-20T14:21:50.067092+05:00 ubuntu kernel: ACPI: SSDT 0x000000009F7D5000 00046D (v01 LENOVO CB-01    00000001 ACPI 00040000)
/var/log/syslog.1:2025-02-20T14:21:50.067097+05:00 ubuntu kernel: ACPI: TPM2 0x000000009F7D4000 000034 (v04 LENOVO CB-01    00000001 ACPI 00040000)
/var/log/syslog.1:2025-02-20T14:21:50.067098+05:00 ubuntu kernel: ACPI: IVRS 0x000000009F7D3000 0000D0 (v02 LENOVO CB-01    00000001 ACPI 00040000)
/var/log/syslog.1:2025-02-20T14:21:50.067099+05:00 ubuntu kernel: ACPI: SSDT 0x000000009F7D2000 000AC1 (v01 LENOVO CB-01    00000001 ACPI 00040000)
/var/log/syslog.1:2025-02-20T14:21:50.067100+05:00 ubuntu kernel: ACPI: SSDT 0x000000009F7D0000 001124 (v01 LENOVO CB-01    00000001 ACPI 00040000)
/var/log/syslog.1:2025-02-20T14:21:50.067101+05:00 ubuntu kernel: ACPI: SSDT 0x000000009F7CF000 000050 (v01 LENOVO CB-01    00000001 ACPI 00040000)
/var/log/syslog.1:2025-02-20T14:21:50.067102+05:00 ubuntu kernel: ACPI: SSDT 0x000000009F7CC000 00107C (v01 LENOVO CB-01    00000001 ACPI 00040000)
/var/log/syslog.1:2025-02-20T14:21:50.067107+05:00 ubuntu kernel: ACPI: SSDT 0x000000009F7CB000 000086 (v01 LENOVO CB-01    00000001 ACPI 00040000)
/var/log/syslog.1:2025-02-20T14:21:50.067108+05:00 ubuntu kernel: ACPI: SSDT 0x000000009F7C9000 001A41 (v01 LENOVO CB-01    00000001 ACPI 00040000)
/var/log/syslog.1:2025-02-20T14:21:50.067109+05:00 ubuntu kernel: ACPI: FPDT 0x000000009F7C8000 000044 (v01 LENOVO CB-01    00000001 ACPI 00040000)
/var/log/syslog.1:2025-02-20T14:21:50.067110+05:00 ubuntu kernel: ACPI: BGRT 0x000000009F7C7000 000038 (v01 LENOVO CB-01    00000001 ACPI 00040000)
/var/log/syslog.1:2025-02-20T14:21:50.067111+05:00 ubuntu kernel: ACPI: Reserving FACP table memory at [mem 0x9f7f3000-0x9f7f310b]
/var/log/syslog.1:2025-02-20T14:21:50.067111+05:00 ubuntu kernel: ACPI: Reserving DSDT table memory at [mem 0x9f7e9000-0x9f7ef0fd]
/var/log/syslog.1:2025-02-20T14:21:50.067112+05:00 ubuntu kernel: ACPI: Reserving FACS table memory at [mem 0x9f39b000-0x9f39b03f]
/var/log/syslog.1:2025-02-20T14:21:50.067118+05:00 ubuntu kernel: ACPI: Reserving UEFI table memory at [mem 0x9f7fd000-0x9f7fd235]
/var/log/syslog.1:2025-02-20T14:21:50.067119+05:00 ubuntu kernel: ACPI: Reserving SSDT table memory at [mem 0x9f7f7000-0x9f7fc33c]
/var/log/syslog.1:2025-02-20T14:21:50.067120+05:00 ubuntu kernel: ACPI: Reserving MSDM table memory at [mem 0x9f7f6000-0x9f7f6054]
/var/log/syslog.1:2025-02-20T14:21:50.067121+05:00 ubuntu kernel: ACPI: Reserving ASF! table memory at [mem 0x9f7f5000-0x9f7f50a4]
/var/log/syslog.1:2025-02-20T14:21:50.067121+05:00 ubuntu kernel: ACPI: Reserving BOOT table memory at [mem 0x9f7f4000-0x9f7f4027]
/var/log/syslog.1:2025-02-20T14:21:50.067153+05:00 ubuntu kernel: ACPI: Reserving HPET table memory at [mem 0x9f7f2000-0x9f7f2037]
/var/log/syslog.1:2025-02-20T14:21:50.067336+05:00 ubuntu kernel: ACPI: Reserving APIC table memory at [mem 0x9f7f1000-0x9f7f1137]
/var/log/syslog.1:2025-02-20T14:21:50.067339+05:00 ubuntu kernel: ACPI: Reserving MCFG table memory at [mem 0x9f7f0000-0x9f7f003b]
/var/log/syslog.1:2025-02-20T14:21:50.067341+05:00 ubuntu kernel: ACPI: Reserving SSDT table memory at [mem 0x9f7e7000-0x9f7e819b]
/var/log/syslog.1:2025-02-20T14:21:50.067342+05:00 ubuntu kernel: ACPI: Reserving CRAT table memory at [mem 0x9f7e6000-0x9f7e6837]
/var/log/syslog.1:2025-02-20T14:21:50.067343+05:00 ubuntu kernel: ACPI: Reserving CDIT table memory at [mem 0x9f7e5000-0x9f7e5028]
/var/log/syslog.1:2025-02-20T14:21:50.067344+05:00 ubuntu kernel: ACPI: Reserving UEFI table memory at [mem 0x9f7e4000-0x9f7e4041]
/var/log/syslog.1:2025-02-20T14:21:50.067345+05:00 ubuntu kernel: ACPI: Reserving VFCT table memory at [mem 0x9f7d6000-0x9f7e3483]
/var/log/syslog.1:2025-02-20T14:21:50.067346+05:00 ubuntu kernel: ACPI: Reserving SSDT table memory at [mem 0x9f7d5000-0x9f7d546c]
/var/log/syslog.1:2025-02-20T14:21:50.067347+05:00 ubuntu kernel: ACPI: Reserving TPM2 table memory at [mem 0x9f7d4000-0x9f7d4033]
/var/log/syslog.1:2025-02-20T14:21:50.067347+05:00 ubuntu kernel: ACPI: Reserving IVRS table memory at [mem 0x9f7d3000-0x9f7d30cf]
/var/log/syslog.1:2025-02-20T14:21:50.067348+05:00 ubuntu kernel: ACPI: Reserving SSDT table memory at [mem 0x9f7d2000-0x9f7d2ac0]
/var/log/syslog.1:2025-02-20T14:21:50.067349+05:00 ubuntu kernel: ACPI: Reserving SSDT table memory at [mem 0x9f7d0000-0x9f7d1123]
/var/log/syslog.1:2025-02-20T14:21:50.067350+05:00 ubuntu kernel: ACPI: Reserving SSDT table memory at [mem 0x9f7cf000-0x9f7cf04f]
/var/log/syslog.1:2025-02-20T14:21:50.067351+05:00 ubuntu kernel: ACPI: Reserving SSDT table memory at [mem 0x9f7cc000-0x9f7cd07b]
/var/log/syslog.1:2025-02-20T14:21:50.067352+05:00 ubuntu kernel: ACPI: Reserving SSDT table memory at [mem 0x9f7cb000-0x9f7cb085]
/var/log/syslog.1:2025-02-20T14:21:50.067353+05:00 ubuntu kernel: ACPI: Reserving SSDT table memory at [mem 0x9f7c9000-0x9f7caa40]
/var/log/syslog.1:2025-02-20T14:21:50.067354+05:00 ubuntu kernel: ACPI: Reserving FPDT table memory at [mem 0x9f7c8000-0x9f7c8043]
/var/log/syslog.1:2025-02-20T14:21:50.067355+05:00 ubuntu kernel: ACPI: Reserving BGRT table memory at [mem 0x9f7c7000-0x9f7c7037]
/var/log/syslog.1:2025-02-20T14:21:50.067385+05:00 ubuntu kernel: ACPI: PM-Timer IO Port: 0x408
/var/log/syslog.1:2025-02-20T14:21:50.067386+05:00 ubuntu kernel: ACPI: LAPIC_NMI (acpi_id[0x00] high edge lint[0x1])
/var/log/syslog.1:2025-02-20T14:21:50.067386+05:00 ubuntu kernel: ACPI: LAPIC_NMI (acpi_id[0x01] high edge lint[0x1])
/var/log/syslog.1:2025-02-20T14:21:50.067387+05:00 ubuntu kernel: ACPI: LAPIC_NMI (acpi_id[0x02] high edge lint[0x1])
/var/log/syslog.1:2025-02-20T14:21:50.067388+05:00 ubuntu kernel: ACPI: LAPIC_NMI (acpi_id[0x03] high edge lint[0x1])
/var/log/syslog.1:2025-02-20T14:21:50.067389+05:00 ubuntu kernel: ACPI: LAPIC_NMI (acpi_id[0x04] high edge lint[0x1])
/var/log/syslog.1:2025-02-20T14:21:50.067390+05:00 ubuntu kernel: ACPI: LAPIC_NMI (acpi_id[0x05] high edge lint[0x1])
/var/log/syslog.1:2025-02-20T14:21:50.067391+05:00 ubuntu kernel: ACPI: LAPIC_NMI (acpi_id[0x06] high edge lint[0x1])
/var/log/syslog.1:2025-02-20T14:21:50.067392+05:00 ubuntu kernel: ACPI: LAPIC_NMI (acpi_id[0x07] high edge lint[0x1])
/var/log/syslog.1:2025-02-20T14:21:50.067393+05:00 ubuntu kernel: ACPI: LAPIC_NMI (acpi_id[0x08] high edge lint[0x1])
/var/log/syslog.1:2025-02-20T14:21:50.067393+05:00 ubuntu kernel: ACPI: LAPIC_NMI (acpi_id[0x09] high edge lint[0x1])
/var/log/syslog.1:2025-02-20T14:21:50.067395+05:00 ubuntu kernel: ACPI: LAPIC_NMI (acpi_id[0x0a] high edge lint[0x1])
/var/log/syslog.1:2025-02-20T14:21:50.067396+05:00 ubuntu kernel: ACPI: LAPIC_NMI (acpi_id[0x0b] high edge lint[0x1])
/var/log/syslog.1:2025-02-20T14:21:50.067397+05:00 ubuntu kernel: ACPI: LAPIC_NMI (acpi_id[0x0c] high edge lint[0x1])
/var/log/syslog.1:2025-02-20T14:21:50.067397+05:00 ubuntu kernel: ACPI: LAPIC_NMI (acpi_id[0x0d] high edge lint[0x1])
/var/log/syslog.1:2025-02-20T14:21:50.067398+05:00 ubuntu kernel: ACPI: LAPIC_NMI (acpi_id[0x0e] high edge lint[0x1])
/var/log/syslog.1:2025-02-20T14:21:50.067399+05:00 ubuntu kernel: ACPI: LAPIC_NMI (acpi_id[0x0f] high edge lint[0x1])
/var/log/syslog.1:2025-02-20T14:21:50.067570+05:00 ubuntu kernel: ACPI: INT_SRC_OVR (bus 0 bus_irq 0 global_irq 2 dfl dfl)
/var/log/syslog.1:2025-02-20T14:21:50.067571+05:00 ubuntu kernel: ACPI: INT_SRC_OVR (bus 0 bus_irq 9 global_irq 9 low level)
/var/log/syslog.1:2025-02-20T14:21:50.067572+05:00 ubuntu kernel: ACPI: Using ACPI (MADT) for SMP configuration information
/var/log/syslog.1:2025-02-20T14:21:50.067573+05:00 ubuntu kernel: ACPI: HPET id: 0x10228210 base: 0xfed00000
/var/log/syslog.1:2025-02-20T14:21:50.067676+05:00 ubuntu kernel: ACPI: Core revision 20230628
/var/log/syslog.1:2025-02-20T14:21:50.067993+05:00 ubuntu kernel: ACPI: PM: Registering ACPI NVS region [mem 0x09f00000-0x09f09fff] (40960 bytes)
/var/log/syslog.1:2025-02-20T14:21:50.067993+05:00 ubuntu kernel: ACPI: PM: Registering ACPI NVS region [mem 0x9eebf000-0x9f7befff] (9437184 bytes)
/var/log/syslog.1:2025-02-20T14:21:50.068032+05:00 ubuntu kernel: acpiphp: ACPI Hot Plug PCI Controller Driver version: 0.5
/var/log/syslog.1:2025-02-20T14:21:50.071465+05:00 ubuntu kernel: ACPI: Added _OSI(Module Device)
/var/log/syslog.1:2025-02-20T14:21:50.071466+05:00 ubuntu kernel: ACPI: Added _OSI(Processor Device)
/var/log/syslog.1:2025-02-20T14:21:50.071467+05:00 ubuntu kernel: ACPI: Added _OSI(3.0 _SCP Extensions)
/var/log/syslog.1:2025-02-20T14:21:50.071469+05:00 ubuntu kernel: ACPI: Added _OSI(Processor Aggregator Device)
/var/log/syslog.1:2025-02-20T14:21:50.071470+05:00 ubuntu kernel: ACPI: [Firmware Bug]: BIOS _OSI(Linux) query ignored
/var/log/syslog.1:2025-02-20T14:21:50.071471+05:00 ubuntu kernel: ACPI BIOS Error (bug): Could not resolve symbol [\_SB.PCI0.GPP0.SWUS], AE_NOT_FOUND (20230628/dswload2-162)
/var/log/syslog.1:2025-02-20T14:21:50.071472+05:00 ubuntu kernel: ACPI Error: AE_NOT_FOUND, During name lookup/catalog (20230628/psobject-220)
/var/log/syslog.1:2025-02-20T14:21:50.071473+05:00 ubuntu kernel: ACPI: Skipping parse of AML opcode: Scope (0x0010)
/var/log/syslog.1:2025-02-20T14:21:50.071474+05:00 ubuntu kernel: ACPI BIOS Error (bug): Could not resolve symbol [\_SB.PCI0.GPP0.SWUS.SWDS], AE_NOT_FOUND (20230628/dswload2-162)
/var/log/syslog.1:2025-02-20T14:21:50.071475+05:00 ubuntu kernel: ACPI Error: AE_NOT_FOUND, During name lookup/catalog (20230628/psobject-220)
/var/log/syslog.1:2025-02-20T14:21:50.071476+05:00 ubuntu kernel: ACPI: Skipping parse of AML opcode: Scope (0x0010)
/var/log/syslog.1:2025-02-20T14:21:50.071477+05:00 ubuntu kernel: ACPI: 10 ACPI AML tables successfully acquired and loaded
/var/log/syslog.1:2025-02-20T14:21:50.071479+05:00 ubuntu kernel: ACPI: _OSC evaluation for CPUs failed, trying _PDC
/var/log/syslog.1:2025-02-20T14:21:50.071480+05:00 ubuntu kernel: ACPI: EC: EC started
/var/log/syslog.1:2025-02-20T14:21:50.071481+05:00 ubuntu kernel: ACPI: EC: interrupt blocked
/var/log/syslog.1:2025-02-20T14:21:50.071482+05:00 ubuntu kernel: ACPI: EC: EC_CMD/EC_SC=0x66, EC_DATA=0x62
/var/log/syslog.1:2025-02-20T14:21:50.071483+05:00 ubuntu kernel: ACPI: \_SB_.PCI0.LPC0.EC0_: Boot DSDT EC used to handle transactions
/var/log/syslog.1:2025-02-20T14:21:50.071484+05:00 ubuntu kernel: ACPI: Interpreter enabled
/var/log/syslog.1:2025-02-20T14:21:50.071485+05:00 ubuntu kernel: ACPI: PM: (supports S0 S3 S4 S5)
/var/log/syslog.1:2025-02-20T14:21:50.071486+05:00 ubuntu kernel: ACPI: Using IOAPIC for interrupt routing
/var/log/syslog.1:2025-02-20T14:21:50.071487+05:00 ubuntu kernel: PCI: Using host bridge windows from ACPI; if necessary, use "pci=nocrs" and report a bug
/var/log/syslog.1:2025-02-20T14:21:50.071489+05:00 ubuntu kernel: ACPI: Enabled 3 GPEs in block 00 to 1F
/var/log/syslog.1:2025-02-20T14:21:50.071490+05:00 ubuntu kernel: ACPI: \_SB_.PCI0.GPP0.M237: New power resource
/var/log/syslog.1:2025-02-20T14:21:50.071491+05:00 ubuntu kernel: ACPI: \_SB_.P0ST: New power resource
/var/log/syslog.1:2025-02-20T14:21:50.071492+05:00 ubuntu kernel: ACPI: \_SB_.P3ST: New power resource
/var/log/syslog.1:2025-02-20T14:21:50.071493+05:00 ubuntu kernel: ACPI: PCI Root Bridge [PCI0] (domain 0000 [bus 00-ff])
/var/log/syslog.1:2025-02-20T14:21:50.071494+05:00 ubuntu kernel: acpi PNP0A08:00: _OSC: OS supports [ExtendedConfig ASPM ClockPM Segments MSI EDR HPX-Type3]
/var/log/syslog.1:2025-02-20T14:21:50.071495+05:00 ubuntu kernel: acpi PNP0A08:00: _OSC: platform does not support [SHPCHotplug LTR DPC]
/var/log/syslog.1:2025-02-20T14:21:50.071496+05:00 ubuntu kernel: acpi PNP0A08:00: _OSC: OS now controls [PCIeHotplug PME AER PCIeCapability]
/var/log/syslog.1:2025-02-20T14:21:50.071497+05:00 ubuntu kernel: acpi PNP0A08:00: [Firmware Info]: ECAM [mem 0xf8000000-0xfbffffff] for domain 0000 [bus 00-3f] only partially covers this bridge
/var/log/syslog.1:2025-02-20T14:21:50.071797+05:00 ubuntu kernel: ACPI: PCI: Interrupt link LNKA configured for IRQ 0
/var/log/syslog.1:2025-02-20T14:21:50.071797+05:00 ubuntu kernel: ACPI: PCI: Interrupt link LNKA disabled
/var/log/syslog.1:2025-02-20T14:21:50.071798+05:00 ubuntu kernel: ACPI: PCI: Interrupt link LNKB configured for IRQ 0
/var/log/syslog.1:2025-02-20T14:21:50.071799+05:00 ubuntu kernel: ACPI: PCI: Interrupt link LNKB disabled
/var/log/syslog.1:2025-02-20T14:21:50.071800+05:00 ubuntu kernel: ACPI: PCI: Interrupt link LNKC configured for IRQ 0
/var/log/syslog.1:2025-02-20T14:21:50.071801+05:00 ubuntu kernel: ACPI: PCI: Interrupt link LNKC disabled
/var/log/syslog.1:2025-02-20T14:21:50.071802+05:00 ubuntu kernel: ACPI: PCI: Interrupt link LNKD configured for IRQ 0
/var/log/syslog.1:2025-02-20T14:21:50.071803+05:00 ubuntu kernel: ACPI: PCI: Interrupt link LNKD disabled
/var/log/syslog.1:2025-02-20T14:21:50.071804+05:00 ubuntu kernel: ACPI: PCI: Interrupt link LNKE configured for IRQ 0
/var/log/syslog.1:2025-02-20T14:21:50.071804+05:00 ubuntu kernel: ACPI: PCI: Interrupt link LNKE disabled
/var/log/syslog.1:2025-02-20T14:21:50.071805+05:00 ubuntu kernel: ACPI: PCI: Interrupt link LNKF configured for IRQ 0
/var/log/syslog.1:2025-02-20T14:21:50.071806+05:00 ubuntu kernel: ACPI: PCI: Interrupt link LNKF disabled
/var/log/syslog.1:2025-02-20T14:21:50.071807+05:00 ubuntu kernel: ACPI: PCI: Interrupt link LNKG configured for IRQ 0
/var/log/syslog.1:2025-02-20T14:21:50.071808+05:00 ubuntu kernel: ACPI: PCI: Interrupt link LNKG disabled
/var/log/syslog.1:2025-02-20T14:21:50.071809+05:00 ubuntu kernel: ACPI: PCI: Interrupt link LNKH configured for IRQ 0
/var/log/syslog.1:2025-02-20T14:21:50.071810+05:00 ubuntu kernel: ACPI: PCI: Interrupt link LNKH disabled
/var/log/syslog.1:2025-02-20T14:21:50.071811+05:00 ubuntu kernel: ACPI: EC: interrupt unblocked
/var/log/syslog.1:2025-02-20T14:21:50.071812+05:00 ubuntu kernel: ACPI: EC: event unblocked
/var/log/syslog.1:2025-02-20T14:21:50.071813+05:00 ubuntu kernel: ACPI: EC: EC_CMD/EC_SC=0x66, EC_DATA=0x62
/var/log/syslog.1:2025-02-20T14:21:50.071814+05:00 ubuntu kernel: ACPI: EC: GPE=0x3
/var/log/syslog.1:2025-02-20T14:21:50.071815+05:00 ubuntu kernel: ACPI: \_SB_.PCI0.LPC0.EC0_: Boot DSDT EC initialization complete
/var/log/syslog.1:2025-02-20T14:21:50.071816+05:00 ubuntu kernel: ACPI: \_SB_.PCI0.LPC0.EC0_: EC: Used to handle transactions and events
/var/log/syslog.1:2025-02-20T14:21:50.072003+05:00 ubuntu kernel: ACPI: bus type USB registered
/var/log/syslog.1:2025-02-20T14:21:50.072017+05:00 ubuntu kernel: PCI: Using ACPI for IRQ routing
/var/log/syslog.1:2025-02-20T14:21:50.072207+05:00 ubuntu kernel: pnp: PnP ACPI init
/var/log/syslog.1:2025-02-20T14:21:50.072222+05:00 ubuntu kernel: pnp: PnP ACPI: found 5 devices
/var/log/syslog.1:2025-02-20T14:21:50.072223+05:00 ubuntu kernel: clocksource: acpi_pm: mask: 0xffffff max_cycles: 0xffffff, max_idle_ns: 2085701024 ns
/var/log/syslog.1:2025-02-20T14:21:50.072635+05:00 ubuntu kernel: ACPI: AC: AC Adapter [ADP0] (off-line)
/var/log/syslog.1:2025-02-20T14:21:50.072636+05:00 ubuntu kernel: ACPI: button: Lid Switch [LID]
/var/log/syslog.1:2025-02-20T14:21:50.072638+05:00 ubuntu kernel: ACPI: button: Power Button [PWRB]
/var/log/syslog.1:2025-02-20T14:21:50.072648+05:00 ubuntu kernel: ACPI: button: Power Button [PWRF]
/var/log/syslog.1:2025-02-20T14:21:50.072654+05:00 ubuntu kernel: ACPI: \_PR_.C000: Found 2 idle states
/var/log/syslog.1:2025-02-20T14:21:50.072655+05:00 ubuntu kernel: ACPI: \_PR_.C001: Found 2 idle states
/var/log/syslog.1:2025-02-20T14:21:50.072656+05:00 ubuntu kernel: ACPI: \_PR_.C002: Found 2 idle states
/var/log/syslog.1:2025-02-20T14:21:50.072671+05:00 ubuntu kernel: ACPI: \_PR_.C003: Found 2 idle states
/var/log/syslog.1:2025-02-20T14:21:50.072672+05:00 ubuntu kernel: ACPI: \_PR_.C004: Found 2 idle states
/var/log/syslog.1:2025-02-20T14:21:50.072673+05:00 ubuntu kernel: ACPI: \_PR_.C005: Found 2 idle states
/var/log/syslog.1:2025-02-20T14:21:50.072674+05:00 ubuntu kernel: ACPI: \_PR_.C006: Found 2 idle states
/var/log/syslog.1:2025-02-20T14:21:50.072675+05:00 ubuntu kernel: ACPI: \_PR_.C007: Found 2 idle states
/var/log/syslog.1:2025-02-20T14:21:50.072689+05:00 ubuntu kernel: ACPI: bus type drm_connector registered
/var/log/syslog.1:2025-02-20T14:21:50.072742+05:00 ubuntu kernel: amd_pstate: the _CPC object is not present in SBIOS or ACPI disabled
/var/log/syslog.1:2025-02-20T14:21:50.072989+05:00 ubuntu kernel: ACPI: battery: Slot [BAT0] (battery present)
/var/log/syslog.1:2025-02-20T14:21:50.073040+05:00 ubuntu kernel: acpi LNXVIDEO:00: hash matches
/var/log/syslog.1:2025-02-20T14:21:50.073041+05:00 ubuntu kernel: acpi_cpufreq: overriding BIOS provided _PSD data
/var/log/syslog.1:2025-02-20T14:21:50.073082+05:00 ubuntu kernel: ACPI: video: Video Device [VGA] (multi-head: yes  rom: no  post: no)
/var/log/syslog.1:2025-02-20T14:21:50.073084+05:00 ubuntu kernel: ACPI: video: Video Device [VGA1] (multi-head: yes  rom: no  post: no)
/var/log/syslog.1:2025-02-20T14:21:50.073093+05:00 ubuntu kernel: ACPI: video: Video Device [VGA2] (multi-head: yes  rom: no  post: no)
/var/log/syslog.1:2025-02-20T14:21:50.074592+05:00 ubuntu kernel: ideapad_acpi VPC2004:00: Keyboard backlight control not available
/var/log/syslog.1:2025-02-20T14:21:50.074593+05:00 ubuntu kernel: ideapad_acpi VPC2004:00: DYTC interface is not available
/var/log/syslog.1:2025-02-20T14:21:50.210965+05:00 ubuntu NetworkManager[1159]: <info>  [1740043310.2108] rfkill0: found Wi-Fi radio killswitch (at /sys/devices/pci0000:00/0000:00:14.3/PNP0C09:00/VPC2004:00/rfkill/rfkill0) (platform driver ideapad_acpi)
/var/log/syslog.1:2025-02-20T15:03:06.944843+05:00 ubuntu kernel: BIOS-e820: [mem 0x0000000009f00000-0x0000000009f09fff] ACPI NVS
/var/log/syslog.1:2025-02-20T15:03:06.944852+05:00 ubuntu kernel: BIOS-e820: [mem 0x000000009eebf000-0x000000009f7befff] ACPI NVS
/var/log/syslog.1:2025-02-20T15:03:06.944853+05:00 ubuntu kernel: BIOS-e820: [mem 0x000000009f7bf000-0x000000009f7fefff] ACPI data
/var/log/syslog.1:2025-02-20T15:03:06.944896+05:00 ubuntu kernel: reserve setup_data: [mem 0x0000000009f00000-0x0000000009f09fff] ACPI NVS
/var/log/syslog.1:2025-02-20T15:03:06.944911+05:00 ubuntu kernel: reserve setup_data: [mem 0x000000009eebf000-0x000000009f7befff] ACPI NVS
/var/log/syslog.1:2025-02-20T15:03:06.944912+05:00 ubuntu kernel: reserve setup_data: [mem 0x000000009f7bf000-0x000000009f7fefff] ACPI data
/var/log/syslog.1:2025-02-20T15:03:06.944925+05:00 ubuntu kernel: efi: ACPI=0x9f7fe000 ACPI 2.0=0x9f7fe014 SMBIOS=0x96bc4000 SMBIOS 3.0=0x96bc2000 ESRT=0x96bc5b98 TPMFinalLog=0x9ede1000 MEMATTR=0x8b5cb198 MOKvar=0x96bb9000 INITRD=0x83ebe598 RNG=0x9f7c6018 TPMEventLog=0x802ca018 
/var/log/syslog.1:2025-02-20T15:03:06.944952+05:00 ubuntu kernel: ACPI: Early table checksum verification disabled
/var/log/syslog.1:2025-02-20T15:03:06.944953+05:00 ubuntu kernel: ACPI: RSDP 0x000000009F7FE014 000024 (v02 LENOVO)
/var/log/syslog.1:2025-02-20T15:03:06.944955+05:00 ubuntu kernel: ACPI: XSDT 0x000000009F7CE188 0000EC (v01 LENOVO CB-01    00000001      01000013)
/var/log/syslog.1:2025-02-20T15:03:06.945066+05:00 ubuntu kernel: ACPI: FACP 0x000000009F7F3000 00010C (v05 LENOVO CB-01    00000001 ACPI 00040000)
/var/log/syslog.1:2025-02-20T15:03:06.945067+05:00 ubuntu kernel: ACPI: DSDT 0x000000009F7E9000 0060FE (v01 LENOVO CB-01    00000001 ACPI 00040000)
/var/log/syslog.1:2025-02-20T15:03:06.945068+05:00 ubuntu kernel: ACPI: FACS 0x000000009F39B000 000040
/var/log/syslog.1:2025-02-20T15:03:06.945072+05:00 ubuntu kernel: ACPI: UEFI 0x000000009F7FD000 000236 (v01 LENOVO CB-01    00000001 ACPI 00040000)
/var/log/syslog.1:2025-02-20T15:03:06.945073+05:00 ubuntu kernel: ACPI: SSDT 0x000000009F7F7000 00533D (v02 LENOVO CB-01    00000001 ACPI 00040000)
/var/log/syslog.1:2025-02-20T15:03:06.945073+05:00 ubuntu kernel: ACPI: MSDM 0x000000009F7F6000 000055 (v03 LENOVO CB-01    00000001 ACPI 00040000)
/var/log/syslog.1:2025-02-20T15:03:06.945074+05:00 ubuntu kernel: ACPI: ASF! 0x000000009F7F5000 0000A5 (v32 LENOVO CB-01    00000001 ACPI 00040000)
/var/log/syslog.1:2025-02-20T15:03:06.945075+05:00 ubuntu kernel: ACPI: BOOT 0x000000009F7F4000 000028 (v01 LENOVO CB-01    00000001 ACPI 00040000)
/var/log/syslog.1:2025-02-20T15:03:06.945075+05:00 ubuntu kernel: ACPI: HPET 0x000000009F7F2000 000038 (v01 LENOVO CB-01    00000001 ACPI 00040000)
/var/log/syslog.1:2025-02-20T15:03:06.945079+05:00 ubuntu kernel: ACPI: APIC 0x000000009F7F1000 000138 (v03 LENOVO CB-01    00000001 ACPI 00040000)
/var/log/syslog.1:2025-02-20T15:03:06.945080+05:00 ubuntu kernel: ACPI: MCFG 0x000000009F7F0000 00003C (v01 LENOVO CB-01    00000001 ACPI 00040000)
/var/log/syslog.1:2025-02-20T15:03:06.945081+05:00 ubuntu kernel: ACPI: SSDT 0x000000009F7E7000 00119C (v01 LENOVO CB-01    00000001 ACPI 00040000)
/var/log/syslog.1:2025-02-20T15:03:06.945082+05:00 ubuntu kernel: ACPI: CRAT 0x000000009F7E6000 000838 (v01 LENOVO CB-01    00000001 ACPI 00040000)
/var/log/syslog.1:2025-02-20T15:03:06.945083+05:00 ubuntu kernel: ACPI: CDIT 0x000000009F7E5000 000029 (v01 LENOVO CB-01    00000001 ACPI 00040000)
/var/log/syslog.1:2025-02-20T15:03:06.945083+05:00 ubuntu kernel: ACPI: UEFI 0x000000009F7E4000 000042 (v01 LENOVO CB-01    00000001 ACPI 00040000)
/var/log/syslog.1:2025-02-20T15:03:06.945084+05:00 ubuntu kernel: ACPI: VFCT 0x000000009F7D6000 00D484 (v01 LENOVO CB-01    00000001 ACPI 00040000)
/var/log/syslog.1:2025-02-20T15:03:06.945088+05:00 ubuntu kernel: ACPI: SSDT 0x000000009F7D5000 00046D (v01 LENOVO CB-01    00000001 ACPI 00040000)
/var/log/syslog.1:2025-02-20T15:03:06.945088+05:00 ubuntu kernel: ACPI: TPM2 0x000000009F7D4000 000034 (v04 LENOVO CB-01    00000001 ACPI 00040000)
/var/log/syslog.1:2025-02-20T15:03:06.945089+05:00 ubuntu kernel: ACPI: IVRS 0x000000009F7D3000 0000D0 (v02 LENOVO CB-01    00000001 ACPI 00040000)
/var/log/syslog.1:2025-02-20T15:03:06.945090+05:00 ubuntu kernel: ACPI: SSDT 0x000000009F7D2000 000AC1 (v01 LENOVO CB-01    00000001 ACPI 00040000)
/var/log/syslog.1:2025-02-20T15:03:06.945091+05:00 ubuntu kernel: ACPI: SSDT 0x000000009F7D0000 001124 (v01 LENOVO CB-01    00000001 ACPI 00040000)
/var/log/syslog.1:2025-02-20T15:03:06.945093+05:00 ubuntu kernel: ACPI: SSDT 0x000000009F7CF000 000050 (v01 LENOVO CB-01    00000001 ACPI 00040000)
/var/log/syslog.1:2025-02-20T15:03:06.945097+05:00 ubuntu kernel: ACPI: SSDT 0x000000009F7CC000 00107C (v01 LENOVO CB-01    00000001 ACPI 00040000)
/var/log/syslog.1:2025-02-20T15:03:06.945097+05:00 ubuntu kernel: ACPI: SSDT 0x000000009F7CB000 000086 (v01 LENOVO CB-01    00000001 ACPI 00040000)
/var/log/syslog.1:2025-02-20T15:03:06.945098+05:00 ubuntu kernel: ACPI: SSDT 0x000000009F7C9000 001A41 (v01 LENOVO CB-01    00000001 ACPI 00040000)
/var/log/syslog.1:2025-02-20T15:03:06.945099+05:00 ubuntu kernel: ACPI: FPDT 0x000000009F7C8000 000044 (v01 LENOVO CB-01    00000001 ACPI 00040000)
/var/log/syslog.1:2025-02-20T15:03:06.945100+05:00 ubuntu kernel: ACPI: BGRT 0x000000009F7C7000 000038 (v01 LENOVO CB-01    00000001 ACPI 00040000)
/var/log/syslog.1:2025-02-20T15:03:06.945100+05:00 ubuntu kernel: ACPI: Reserving FACP table memory at [mem 0x9f7f3000-0x9f7f310b]
/var/log/syslog.1:2025-02-20T15:03:06.945101+05:00 ubuntu kernel: ACPI: Reserving DSDT table memory at [mem 0x9f7e9000-0x9f7ef0fd]
/var/log/syslog.1:2025-02-20T15:03:06.945107+05:00 ubuntu kernel: ACPI: Reserving FACS table memory at [mem 0x9f39b000-0x9f39b03f]
/var/log/syslog.1:2025-02-20T15:03:06.945108+05:00 ubuntu kernel: ACPI: Reserving UEFI table memory at [mem 0x9f7fd000-0x9f7fd235]
/var/log/syslog.1:2025-02-20T15:03:06.945109+05:00 ubuntu kernel: ACPI: Reserving SSDT table memory at [mem 0x9f7f7000-0x9f7fc33c]
/var/log/syslog.1:2025-02-20T15:03:06.945110+05:00 ubuntu kernel: ACPI: Reserving MSDM table memory at [mem 0x9f7f6000-0x9f7f6054]
/var/log/syslog.1:2025-02-20T15:03:06.945110+05:00 ubuntu kernel: ACPI: Reserving ASF! table memory at [mem 0x9f7f5000-0x9f7f50a4]
/var/log/syslog.1:2025-02-20T15:03:06.945111+05:00 ubuntu kernel: ACPI: Reserving BOOT table memory at [mem 0x9f7f4000-0x9f7f4027]
/var/log/syslog.1:2025-02-20T15:03:06.945114+05:00 ubuntu kernel: ACPI: Reserving HPET table memory at [mem 0x9f7f2000-0x9f7f2037]
/var/log/syslog.1:2025-02-20T15:03:06.945114+05:00 ubuntu kernel: ACPI: Reserving APIC table memory at [mem 0x9f7f1000-0x9f7f1137]
/var/log/syslog.1:2025-02-20T15:03:06.945115+05:00 ubuntu kernel: ACPI: Reserving MCFG table memory at [mem 0x9f7f0000-0x9f7f003b]
/var/log/syslog.1:2025-02-20T15:03:06.945116+05:00 ubuntu kernel: ACPI: Reserving SSDT table memory at [mem 0x9f7e7000-0x9f7e819b]
/var/log/syslog.1:2025-02-20T15:03:06.945116+05:00 ubuntu kernel: ACPI: Reserving CRAT table memory at [mem 0x9f7e6000-0x9f7e6837]
/var/log/syslog.1:2025-02-20T15:03:06.945117+05:00 ubuntu kernel: ACPI: Reserving CDIT table memory at [mem 0x9f7e5000-0x9f7e5028]
/var/log/syslog.1:2025-02-20T15:03:06.945120+05:00 ubuntu kernel: ACPI: Reserving UEFI table memory at [mem 0x9f7e4000-0x9f7e4041]
/var/log/syslog.1:2025-02-20T15:03:06.945120+05:00 ubuntu kernel: ACPI: Reserving VFCT table memory at [mem 0x9f7d6000-0x9f7e3483]
/var/log/syslog.1:2025-02-20T15:03:06.945121+05:00 ubuntu kernel: ACPI: Reserving SSDT table memory at [mem 0x9f7d5000-0x9f7d546c]
/var/log/syslog.1:2025-02-20T15:03:06.945121+05:00 ubuntu kernel: ACPI: Reserving TPM2 table memory at [mem 0x9f7d4000-0x9f7d4033]
/var/log/syslog.1:2025-02-20T15:03:06.945122+05:00 ubuntu kernel: ACPI: Reserving IVRS table memory at [mem 0x9f7d3000-0x9f7d30cf]
/var/log/syslog.1:2025-02-20T15:03:06.945122+05:00 ubuntu kernel: ACPI: Reserving SSDT table memory at [mem 0x9f7d2000-0x9f7d2ac0]
/var/log/syslog.1:2025-02-20T15:03:06.945123+05:00 ubuntu kernel: ACPI: Reserving SSDT table memory at [mem 0x9f7d0000-0x9f7d1123]
/var/log/syslog.1:2025-02-20T15:03:06.945126+05:00 ubuntu kernel: ACPI: Reserving SSDT table memory at [mem 0x9f7cf000-0x9f7cf04f]
/var/log/syslog.1:2025-02-20T15:03:06.945127+05:00 ubuntu kernel: ACPI: Reserving SSDT table memory at [mem 0x9f7cc000-0x9f7cd07b]
/var/log/syslog.1:2025-02-20T15:03:06.945127+05:00 ubuntu kernel: ACPI: Reserving SSDT table memory at [mem 0x9f7cb000-0x9f7cb085]
/var/log/syslog.1:2025-02-20T15:03:06.945128+05:00 ubuntu kernel: ACPI: Reserving SSDT table memory at [mem 0x9f7c9000-0x9f7caa40]
/var/log/syslog.1:2025-02-20T15:03:06.945128+05:00 ubuntu kernel: ACPI: Reserving FPDT table memory at [mem 0x9f7c8000-0x9f7c8043]
/var/log/syslog.1:2025-02-20T15:03:06.945129+05:00 ubuntu kernel: ACPI: Reserving BGRT table memory at [mem 0x9f7c7000-0x9f7c7037]
/var/log/syslog.1:2025-02-20T15:03:06.945159+05:00 ubuntu kernel: ACPI: PM-Timer IO Port: 0x408
/var/log/syslog.1:2025-02-20T15:03:06.945159+05:00 ubuntu kernel: ACPI: LAPIC_NMI (acpi_id[0x00] high edge lint[0x1])
/var/log/syslog.1:2025-02-20T15:03:06.945160+05:00 ubuntu kernel: ACPI: LAPIC_NMI (acpi_id[0x01] high edge lint[0x1])
/var/log/syslog.1:2025-02-20T15:03:06.945160+05:00 ubuntu kernel: ACPI: LAPIC_NMI (acpi_id[0x02] high edge lint[0x1])
/var/log/syslog.1:2025-02-20T15:03:06.945163+05:00 ubuntu kernel: ACPI: LAPIC_NMI (acpi_id[0x03] high edge lint[0x1])
/var/log/syslog.1:2025-02-20T15:03:06.945164+05:00 ubuntu kernel: ACPI: LAPIC_NMI (acpi_id[0x04] high edge lint[0x1])
/var/log/syslog.1:2025-02-20T15:03:06.945164+05:00 ubuntu kernel: ACPI: LAPIC_NMI (acpi_id[0x05] high edge lint[0x1])
/var/log/syslog.1:2025-02-20T15:03:06.945165+05:00 ubuntu kernel: ACPI: LAPIC_NMI (acpi_id[0x06] high edge lint[0x1])
/var/log/syslog.1:2025-02-20T15:03:06.945165+05:00 ubuntu kernel: ACPI: LAPIC_NMI (acpi_id[0x07] high edge lint[0x1])
/var/log/syslog.1:2025-02-20T15:03:06.945166+05:00 ubuntu kernel: ACPI: LAPIC_NMI (acpi_id[0x08] high edge lint[0x1])
/var/log/syslog.1:2025-02-20T15:03:06.945169+05:00 ubuntu kernel: ACPI: LAPIC_NMI (acpi_id[0x09] high edge lint[0x1])
/var/log/syslog.1:2025-02-20T15:03:06.945170+05:00 ubuntu kernel: ACPI: LAPIC_NMI (acpi_id[0x0a] high edge lint[0x1])
/var/log/syslog.1:2025-02-20T15:03:06.945170+05:00 ubuntu kernel: ACPI: LAPIC_NMI (acpi_id[0x0b] high edge lint[0x1])
/var/log/syslog.1:2025-02-20T15:03:06.945171+05:00 ubuntu kernel: ACPI: LAPIC_NMI (acpi_id[0x0c] high edge lint[0x1])
/var/log/syslog.1:2025-02-20T15:03:06.945171+05:00 ubuntu kernel: ACPI: LAPIC_NMI (acpi_id[0x0d] high edge lint[0x1])
/var/log/syslog.1:2025-02-20T15:03:06.945172+05:00 ubuntu kernel: ACPI: LAPIC_NMI (acpi_id[0x0e] high edge lint[0x1])
/var/log/syslog.1:2025-02-20T15:03:06.945172+05:00 ubuntu kernel: ACPI: LAPIC_NMI (acpi_id[0x0f] high edge lint[0x1])
/var/log/syslog.1:2025-02-20T15:03:06.945276+05:00 ubuntu kernel: ACPI: INT_SRC_OVR (bus 0 bus_irq 0 global_irq 2 dfl dfl)
/var/log/syslog.1:2025-02-20T15:03:06.945277+05:00 ubuntu kernel: ACPI: INT_SRC_OVR (bus 0 bus_irq 9 global_irq 9 low level)
/var/log/syslog.1:2025-02-20T15:03:06.945277+05:00 ubuntu kernel: ACPI: Using ACPI (MADT) for SMP configuration information
/var/log/syslog.1:2025-02-20T15:03:06.945278+05:00 ubuntu kernel: ACPI: HPET id: 0x10228210 base: 0xfed00000
/var/log/syslog.1:2025-02-20T15:03:06.945371+05:00 ubuntu kernel: ACPI: Core revision 20230628
/var/log/syslog.1:2025-02-20T15:03:06.945577+05:00 ubuntu sensors[1077]: BAT0-acpi-0
/var/log/syslog.1:2025-02-20T15:03:06.945583+05:00 ubuntu sensors[1077]: Adapter: ACPI interface
/var/log/syslog.1:2025-02-20T15:03:06.945599+05:00 ubuntu kernel: ACPI: PM: Registering ACPI NVS region [mem 0x09f00000-0x09f09fff] (40960 bytes)
/var/log/syslog.1:2025-02-20T15:03:06.945605+05:00 ubuntu kernel: ACPI: PM: Registering ACPI NVS region [mem 0x9eebf000-0x9f7befff] (9437184 bytes)
/var/log/syslog.1:2025-02-20T15:03:06.945637+05:00 ubuntu kernel: acpiphp: ACPI Hot Plug PCI Controller Driver version: 0.5
/var/log/syslog.1:2025-02-20T15:03:06.945648+05:00 ubuntu kernel: ACPI: Added _OSI(Module Device)
/var/log/syslog.1:2025-02-20T15:03:06.945649+05:00 ubuntu kernel: ACPI: Added _OSI(Processor Device)
/var/log/syslog.1:2025-02-20T15:03:06.945650+05:00 ubuntu kernel: ACPI: Added _OSI(3.0 _SCP Extensions)
/var/log/syslog.1:2025-02-20T15:03:06.945650+05:00 ubuntu kernel: ACPI: Added _OSI(Processor Aggregator Device)
/var/log/syslog.1:2025-02-20T15:03:06.945656+05:00 ubuntu kernel: ACPI: [Firmware Bug]: BIOS _OSI(Linux) query ignored
/var/log/syslog.1:2025-02-20T15:03:06.945657+05:00 ubuntu kernel: ACPI BIOS Error (bug): Could not resolve symbol [\_SB.PCI0.GPP0.SWUS], AE_NOT_FOUND (20230628/dswload2-162)
/var/log/syslog.1:2025-02-20T15:03:06.945658+05:00 ubuntu kernel: ACPI Error: AE_NOT_FOUND, During name lookup/catalog (20230628/psobject-220)
/var/log/syslog.1:2025-02-20T15:03:06.945659+05:00 ubuntu kernel: ACPI: Skipping parse of AML opcode: Scope (0x0010)
/var/log/syslog.1:2025-02-20T15:03:06.945659+05:00 ubuntu kernel: ACPI BIOS Error (bug): Could not resolve symbol [\_SB.PCI0.GPP0.SWUS.SWDS], AE_NOT_FOUND (20230628/dswload2-162)
/var/log/syslog.1:2025-02-20T15:03:06.945661+05:00 ubuntu kernel: ACPI Error: AE_NOT_FOUND, During name lookup/catalog (20230628/psobject-220)
/var/log/syslog.1:2025-02-20T15:03:06.945667+05:00 ubuntu kernel: ACPI: Skipping parse of AML opcode: Scope (0x0010)
/var/log/syslog.1:2025-02-20T15:03:06.945668+05:00 ubuntu kernel: ACPI: 10 ACPI AML tables successfully acquired and loaded
/var/log/syslog.1:2025-02-20T15:03:06.945669+05:00 ubuntu kernel: ACPI: _OSC evaluation for CPUs failed, trying _PDC
/var/log/syslog.1:2025-02-20T15:03:06.945669+05:00 ubuntu kernel: ACPI: EC: EC started
/var/log/syslog.1:2025-02-20T15:03:06.945670+05:00 ubuntu kernel: ACPI: EC: interrupt blocked
/var/log/syslog.1:2025-02-20T15:03:06.945671+05:00 ubuntu kernel: ACPI: EC: EC_CMD/EC_SC=0x66, EC_DATA=0x62
/var/log/syslog.1:2025-02-20T15:03:06.945677+05:00 ubuntu kernel: ACPI: \_SB_.PCI0.LPC0.EC0_: Boot DSDT EC used to handle transactions
/var/log/syslog.1:2025-02-20T15:03:06.945678+05:00 ubuntu kernel: ACPI: Interpreter enabled
/var/log/syslog.1:2025-02-20T15:03:06.945678+05:00 ubuntu kernel: ACPI: PM: (supports S0 S3 S4 S5)
/var/log/syslog.1:2025-02-20T15:03:06.945679+05:00 ubuntu kernel: ACPI: Using IOAPIC for interrupt routing
/var/log/syslog.1:2025-02-20T15:03:06.945680+05:00 ubuntu kernel: PCI: Using host bridge windows from ACPI; if necessary, use "pci=nocrs" and report a bug
/var/log/syslog.1:2025-02-20T15:03:06.945681+05:00 ubuntu kernel: ACPI: Enabled 3 GPEs in block 00 to 1F
/var/log/syslog.1:2025-02-20T15:03:06.945687+05:00 ubuntu kernel: ACPI: \_SB_.PCI0.GPP0.M237: New power resource
/var/log/syslog.1:2025-02-20T15:03:06.945688+05:00 ubuntu kernel: ACPI: \_SB_.P0ST: New power resource
/var/log/syslog.1:2025-02-20T15:03:06.945689+05:00 ubuntu kernel: ACPI: \_SB_.P3ST: New power resource
/var/log/syslog.1:2025-02-20T15:03:06.945690+05:00 ubuntu kernel: ACPI: PCI Root Bridge [PCI0] (domain 0000 [bus 00-ff])
/var/log/syslog.1:2025-02-20T15:03:06.945691+05:00 ubuntu kernel: acpi PNP0A08:00: _OSC: OS supports [ExtendedConfig ASPM ClockPM Segments MSI EDR HPX-Type3]
/var/log/syslog.1:2025-02-20T15:03:06.945691+05:00 ubuntu kernel: acpi PNP0A08:00: _OSC: platform does not support [SHPCHotplug LTR DPC]
/var/log/syslog.1:2025-02-20T15:03:06.945697+05:00 ubuntu kernel: acpi PNP0A08:00: _OSC: OS now controls [PCIeHotplug PME AER PCIeCapability]
/var/log/syslog.1:2025-02-20T15:03:06.945700+05:00 ubuntu kernel: acpi PNP0A08:00: [Firmware Info]: ECAM [mem 0xf8000000-0xfbffffff] for domain 0000 [bus 00-3f] only partially covers this bridge
/var/log/syslog.1:2025-02-20T15:03:06.945975+05:00 ubuntu kernel: ACPI: PCI: Interrupt link LNKA configured for IRQ 0
/var/log/syslog.1:2025-02-20T15:03:06.945976+05:00 ubuntu kernel: ACPI: PCI: Interrupt link LNKA disabled
/var/log/syslog.1:2025-02-20T15:03:06.945982+05:00 ubuntu kernel: ACPI: PCI: Interrupt link LNKB configured for IRQ 0
/var/log/syslog.1:2025-02-20T15:03:06.945983+05:00 ubuntu kernel: ACPI: PCI: Interrupt link LNKB disabled
/var/log/syslog.1:2025-02-20T15:03:06.945984+05:00 ubuntu kernel: ACPI: PCI: Interrupt link LNKC configured for IRQ 0
/var/log/syslog.1:2025-02-20T15:03:06.945985+05:00 ubuntu kernel: ACPI: PCI: Interrupt link LNKC disabled
/var/log/syslog.1:2025-02-20T15:03:06.945986+05:00 ubuntu kernel: ACPI: PCI: Interrupt link LNKD configured for IRQ 0
/var/log/syslog.1:2025-02-20T15:03:06.945986+05:00 ubuntu kernel: ACPI: PCI: Interrupt link LNKD disabled
/var/log/syslog.1:2025-02-20T15:03:06.945996+05:00 ubuntu kernel: ACPI: PCI: Interrupt link LNKE configured for IRQ 0
